{"step": 100, "loss": 5.4451141357421875, "seconds": 6.076918599996134}
{"step": 200, "loss": 4.689352512359619, "seconds": 11.699288000003435}
{"step": 300, "loss": 4.442291736602783, "seconds": 17.479180900001666}
{"step": 400, "loss": 4.241629123687744, "seconds": 23.505024300000514}
{"step": 500, "loss": 4.0096611976623535, "seconds": 29.775346399997943}
{"step": 600, "loss": 3.9208219051361084, "seconds": 36.21953119999671}
{"step": 700, "loss": 3.954432725906372, "seconds": 42.74887460000173}
{"step": 800, "loss": 3.8330373764038086, "seconds": 49.26948889999767}
{"step": 900, "loss": 3.7008228302001953, "seconds": 55.849280700000236}
{"step": 1000, "loss": 3.637402296066284, "seconds": 62.665351000003284}
{"step": 1100, "loss": 3.7184932231903076, "seconds": 69.62123770000471}
{"step": 1200, "loss": 3.6731603145599365, "seconds": 76.76754489999439}
{"step": 1300, "loss": 3.641807794570923, "seconds": 83.91455580000184}
{"step": 1400, "loss": 3.437551736831665, "seconds": 91.08061160000216}
{"step": 1500, "loss": 3.475260019302368, "seconds": 98.26903959999618}
{"validation": {"step": 1500, "bpb": 1.72990166547707, "token_ppl": 38.67561556958908, "nll_nats": 1376548.1719931841, "targets": 376599, "utf8_bytes": 1148007, "seconds": 1.3505745000002207}}
{"snapshot": "runs\\rope_dropout10_coverage_w256_9000_s17_round8\\checkpoint_step_1500.pt", "sha256": "dbd2e26db99b1a54af69fe32e42d61a49c4210b1ac8678dfb5fb7f1f88e2cfd0"}
{"step": 1600, "loss": 3.5586917400360107, "seconds": 106.22402090000105}
{"step": 1700, "loss": 3.5268473625183105, "seconds": 114.13123749999795}
{"step": 1800, "loss": 3.4418179988861084, "seconds": 122.09359859999677}
{"step": 1900, "loss": 3.4232499599456787, "seconds": 130.04520330000378}
{"step": 2000, "loss": 3.3534631729125977, "seconds": 149.10005769999407}
{"step": 2100, "loss": 3.4585719108581543, "seconds": 169.31532959999458}
{"step": 2200, "loss": 3.3934357166290283, "seconds": 182.21826759999385}
{"step": 2300, "loss": 3.3102378845214844, "seconds": 191.4955653999932}
{"step": 2400, "loss": 3.4465906620025635, "seconds": 200.7704473000049}
{"step": 2500, "loss": 3.3093552589416504, "seconds": 210.05838980000408}
{"step": 2600, "loss": 3.311372756958008, "seconds": 219.3370139000035}
{"step": 2700, "loss": 3.2334775924682617, "seconds": 228.61932260000322}
{"step": 2800, "loss": 3.2669010162353516, "seconds": 237.8163848999975}
{"step": 2900, "loss": 3.2105588912963867, "seconds": 247.00262299999304}
{"step": 3000, "loss": 3.215453863143921, "seconds": 256.22505269999965}
{"validation": {"step": 3000, "bpb": 1.6344395840745152, "token_ppl": 31.610898742097522, "nll_nats": 1300585.3838926756, "targets": 376599, "utf8_bytes": 1148007, "seconds": 1.5343343999993522}}
{"snapshot": "runs\\rope_dropout10_coverage_w256_9000_s17_round8\\checkpoint_step_3000.pt", "sha256": "97005b2b28336507c64adedbe1f8eb3b0f542b5709eb902dc0ab919a0384458e"}
{"step": 3100, "loss": 3.260664224624634, "seconds": 265.68000069999835}
{"step": 3200, "loss": 3.202690601348877, "seconds": 275.44348770000215}
{"step": 3300, "loss": 3.276045560836792, "seconds": 285.19397940000636}
{"step": 3400, "loss": 3.1829090118408203, "seconds": 294.8884259000042}
{"step": 3500, "loss": 3.20633864402771, "seconds": 304.6562625999941}
{"step": 3600, "loss": 3.15925669670105, "seconds": 314.46880810000584}
{"step": 3700, "loss": 3.212531805038452, "seconds": 324.2796323999937}
{"step": 3800, "loss": 3.1438071727752686, "seconds": 334.0720633000019}
{"step": 3900, "loss": 3.203058958053589, "seconds": 343.8665214999928}
{"step": 4000, "loss": 3.202392101287842, "seconds": 354.29902380000567}
{"step": 4100, "loss": 3.0277442932128906, "seconds": 372.9437428999954}
{"step": 4200, "loss": 3.1348655223846436, "seconds": 397.3901335999981}
{"step": 4300, "loss": 3.1602606773376465, "seconds": 421.92891750000126}
{"step": 4400, "loss": 3.0484917163848877, "seconds": 446.3950896000024}
{"step": 4500, "loss": 3.072108268737793, "seconds": 470.98056769999675}
{"validation": {"step": 4500, "bpb": 1.5889486756761602, "token_ppl": 28.713907457371157, "nll_nats": 1264386.5478271612, "targets": 376599, "utf8_bytes": 1148007, "seconds": 4.13047980000556}}
{"snapshot": "runs\\rope_dropout10_coverage_w256_9000_s17_round8\\checkpoint_step_4500.pt", "sha256": "f69801e0fe4b5978d1e74edc362f11700070d779cdec0abee0326976216d3473"}
{"step": 4600, "loss": 3.03800892829895, "seconds": 497.51720089999435}
{"step": 4700, "loss": 2.9753570556640625, "seconds": 523.8458016999939}
{"step": 4800, "loss": 3.1095387935638428, "seconds": 550.1499982999958}
{"step": 4900, "loss": 3.0085854530334473, "seconds": 576.5149953999935}
{"step": 5000, "loss": 3.0619797706604004, "seconds": 602.8292088999879}
{"step": 5100, "loss": 2.9586496353149414, "seconds": 629.161669699999}
{"step": 5200, "loss": 3.062434434890747, "seconds": 655.5044433000003}
{"step": 5300, "loss": 2.928267478942871, "seconds": 681.8249836999894}
{"step": 5400, "loss": 2.9729838371276855, "seconds": 708.1428343999869}
{"step": 5500, "loss": 2.9428415298461914, "seconds": 734.5690906999953}
{"step": 5600, "loss": 3.017503499984741, "seconds": 761.0205278999929}
{"step": 5700, "loss": 3.0459775924682617, "seconds": 787.470224299992}
{"step": 5800, "loss": 2.9524941444396973, "seconds": 813.8933949999919}
{"step": 5900, "loss": 2.9672534465789795, "seconds": 840.3447620999941}
{"step": 6000, "loss": 3.0923333168029785, "seconds": 866.7876386999997}
{"validation": {"step": 6000, "bpb": 1.5627473293248966, "token_ppl": 27.167441297775007, "nll_nats": 1243537.1457233452, "targets": 376599, "utf8_bytes": 1148007, "seconds": 4.391110299999127}}
{"snapshot": "runs\\rope_dropout10_coverage_w256_9000_s17_round8\\checkpoint_step_6000.pt", "sha256": "90390e3f6fd574eab1e33873baf499fa8d0d4bfcc7758056d5db70dc86323ce6"}
{"step": 6100, "loss": 2.9896180629730225, "seconds": 893.3402358999883}
{"step": 6200, "loss": 2.860511541366577, "seconds": 919.8527254999935}
{"step": 6300, "loss": 2.9101078510284424, "seconds": 956.712698599993}
{"step": 6400, "loss": 2.9121487140655518, "seconds": 985.3097766999999}
{"step": 6500, "loss": 2.9848673343658447, "seconds": 1012.0183655000001}
{"step": 6600, "loss": 2.9958362579345703, "seconds": 1039.4716617999948}
{"step": 6700, "loss": 2.9343016147613525, "seconds": 1066.9840314999892}
{"step": 6800, "loss": 2.833956003189087, "seconds": 1094.3976307999983}
{"step": 6900, "loss": 2.897732734680176, "seconds": 1121.8527093000012}
{"step": 7000, "loss": 2.9271674156188965, "seconds": 1149.3364906999923}
{"step": 7100, "loss": 2.8622140884399414, "seconds": 1176.7964184000011}
{"step": 7200, "loss": 2.9113082885742188, "seconds": 1204.3160487999994}
{"step": 7300, "loss": 2.9057605266571045, "seconds": 1231.7953015999956}
{"step": 7400, "loss": 2.8735315799713135, "seconds": 1259.2295948999963}
{"step": 7500, "loss": 2.850389242172241, "seconds": 1286.516428899995}
{"validation": {"step": 7500, "bpb": 1.5475938322287957, "token_ppl": 26.311353669206174, "nll_nats": 1231478.9350497408, "targets": 376599, "utf8_bytes": 1148007, "seconds": 4.533909399993718}}
{"snapshot": "runs\\rope_dropout10_coverage_w256_9000_s17_round8\\checkpoint_step_7500.pt", "sha256": "79ee1f4d38c01ba18ca091a33890568d4c3c20d61fe6b807c347d819852df0ff"}
{"step": 7600, "loss": 2.9322798252105713, "seconds": 1313.973425899996}
{"step": 7700, "loss": 2.951279878616333, "seconds": 1345.6675763999956}
{"step": 7800, "loss": 2.93105411529541, "seconds": 1373.1224703000044}
{"step": 7900, "loss": 2.859131336212158, "seconds": 1400.5374817999982}
{"step": 8000, "loss": 3.0151965618133545, "seconds": 1427.889118200008}
{"step": 8100, "loss": 2.760040521621704, "seconds": 1455.1765591000003}
{"step": 8200, "loss": 2.8187053203582764, "seconds": 1482.5781959000014}
{"step": 8300, "loss": 2.9020915031433105, "seconds": 1510.0300420999993}
{"step": 8400, "loss": 2.901963949203491, "seconds": 1537.4920146000077}
{"step": 8500, "loss": 2.7879042625427246, "seconds": 1564.9454994999978}
{"step": 8600, "loss": 2.9647603034973145, "seconds": 1592.3098708000034}
{"step": 8700, "loss": 2.8680713176727295, "seconds": 1619.716914699995}
{"step": 8800, "loss": 2.818190336227417, "seconds": 1647.0149692999985}
{"step": 8900, "loss": 2.8596551418304443, "seconds": 1674.495095300008}
{"step": 9000, "loss": 2.743492364883423, "seconds": 1701.9096444000024}
{"validation": {"step": 9000, "bpb": 1.54673324732701, "token_ppl": 26.263553112651273, "nll_nats": 1230794.1351001025, "targets": 376599, "utf8_bytes": 1148007, "seconds": 4.530670099993586}}
{
  "protocol": "7506-mp1-wt2-v2",
  "implementation": "student_rope",
  "config": {
    "vocab": 2048,
    "width": 256,
    "heads": 4,
    "depth": 4,
    "context": 256,
    "dropout_p": 0.1
  },
  "seed": 17,
  "sampler": "coverage",
  "parameters": 3683840,
  "precision": "fp32",
  "train_tokens": 73728000,
  "own_train_tokens": 73728000,
  "teacher_checkpoint_sha256": null,
  "distill_weight": null,
  "preparation_seconds": 10.156077799998457,
  "train_seconds": 1701.9130560000049,
  "validation": {
    "bpb": 1.54673324732701,
    "token_ppl": 26.263553112651273,
    "nll_nats": 1230794.1351001025,
    "targets": 376599,
    "utf8_bytes": 1148007,
    "seconds": 4.548227000006591
  },
  "history": [],
  "validation_history": [
    {
      "step": 1500,
      "bpb": 1.72990166547707,
      "token_ppl": 38.67561556958908,
      "nll_nats": 1376548.1719931841,
      "targets": 376599,
      "utf8_bytes": 1148007,
      "seconds": 1.3505745000002207
    },
    {
      "step": 3000,
      "bpb": 1.6344395840745152,
      "token_ppl": 31.610898742097522,
      "nll_nats": 1300585.3838926756,
      "targets": 376599,
      "utf8_bytes": 1148007,
      "seconds": 1.5343343999993522
    },
    {
      "step": 4500,
      "bpb": 1.5889486756761602,
      "token_ppl": 28.713907457371157,
      "nll_nats": 1264386.5478271612,
      "targets": 376599,
      "utf8_bytes": 1148007,
      "seconds": 4.13047980000556
    },
    {
      "step": 6000,
      "bpb": 1.5627473293248966,
      "token_ppl": 27.167441297775007,
      "nll_nats": 1243537.1457233452,
      "targets": 376599,
      "utf8_bytes": 1148007,
      "seconds": 4.391110299999127
    },
    {
      "step": 7500,
      "bpb": 1.5475938322287957,
      "token_ppl": 26.311353669206174,
      "nll_nats": 1231478.9350497408,
      "targets": 376599,
      "utf8_bytes": 1148007,
      "seconds": 4.533909399993718
    },
    {
      "step": 9000,
      "bpb": 1.54673324732701,
      "token_ppl": 26.263553112651273,
      "nll_nats": 1230794.1351001025,
      "targets": 376599,
      "utf8_bytes": 1148007,
      "seconds": 4.530670099993586
    }
  ],
  "intermediate_validation_seconds": 20.471078499991563,
  "process_seconds": 1737.3081959999981,
  "torch_version": "2.7.1+cu126",
  "threads": 4,
  "checkpoint_sha256": "fcaf04be3eb98a5362223a1ee9545d7931ddfb54b94409136f4bfd7f103f4a1d",
  "implementation_sha256": "d351fd618c6f8f06b82636321512f406a20f20407ac199508e082e1a1be106b0",
  "device": "cuda:0",
  "device_name": "NVIDIA GeForce RTX 3060 Laptop GPU",
  "peak_allocated_gb": 0.998281216,
  "peak_reserved_gb": 1.134559232
}
