{"step": 100, "loss": 5.4450907707214355, "seconds": 6.654177600008552}
{"step": 200, "loss": 4.689301490783691, "seconds": 13.181927700003143}
{"step": 300, "loss": 4.442253589630127, "seconds": 19.877256499996292}
{"step": 400, "loss": 4.241570949554443, "seconds": 29.83961550000822}
{"step": 500, "loss": 4.009642124176025, "seconds": 49.49831730000733}
{"step": 600, "loss": 3.920851945877075, "seconds": 70.94010890000209}
{"step": 700, "loss": 3.954476833343506, "seconds": 83.28551050000533}
{"step": 800, "loss": 3.8333802223205566, "seconds": 90.28388750000158}
{"step": 900, "loss": 3.7009449005126953, "seconds": 97.0716539999994}
{"step": 1000, "loss": 3.6388580799102783, "seconds": 103.80548060000001}
{"step": 1100, "loss": 3.718064785003662, "seconds": 110.52968659999897}
{"step": 1200, "loss": 3.6739602088928223, "seconds": 117.25785710000491}
{"step": 1300, "loss": 3.643399953842163, "seconds": 123.98062770000251}
{"step": 1400, "loss": 3.439375400543213, "seconds": 130.56604140000127}
{"step": 1500, "loss": 3.4768624305725098, "seconds": 137.146027099996}
{"step": 1600, "loss": 3.5612704753875732, "seconds": 143.71010680000472}
{"step": 1700, "loss": 3.530003309249878, "seconds": 150.28081749999546}
{"step": 1800, "loss": 3.445119619369507, "seconds": 156.85638919999474}
{"step": 1900, "loss": 3.426654577255249, "seconds": 163.41703620000044}
{"step": 2000, "loss": 3.3578386306762695, "seconds": 169.99282470000617}
{"validation": {"step": 2000, "bpb": 1.690342869113589, "token_ppl": 35.574292040022286, "nll_nats": 1345069.7417984928, "targets": 376599, "utf8_bytes": 1148007, "seconds": 1.1454087000020081}}
{"snapshot": "runs\\rope_dropout10_coverage_w256_12000_s17_round8\\checkpoint_step_2000.pt", "sha256": "a3a66c930e1f3f037e21612717021d72c0cc9137efdec221b1607291f89d0fe7"}
{"step": 2100, "loss": 3.463428258895874, "seconds": 176.5848624000064}
{"step": 2200, "loss": 3.397853374481201, "seconds": 183.1540202000033}
{"step": 2300, "loss": 3.316593885421753, "seconds": 189.70668529999966}
{"step": 2400, "loss": 3.452723741531372, "seconds": 196.27599510000437}
{"step": 2500, "loss": 3.314593553543091, "seconds": 202.8387883999967}
{"step": 2600, "loss": 3.3172099590301514, "seconds": 209.40135470000678}
{"step": 2700, "loss": 3.2414634227752686, "seconds": 216.02337029999762}
{"step": 2800, "loss": 3.2753641605377197, "seconds": 222.5851110999938}
{"step": 2900, "loss": 3.2197630405426025, "seconds": 229.1519408000022}
{"step": 3000, "loss": 3.223395824432373, "seconds": 235.71768800000427}
{"step": 3100, "loss": 3.271897554397583, "seconds": 242.26598260000173}
{"step": 3200, "loss": 3.212682008743286, "seconds": 248.79912419999891}
{"step": 3300, "loss": 3.287456512451172, "seconds": 255.31350390000443}
{"step": 3400, "loss": 3.1959469318389893, "seconds": 261.83656149999297}
{"step": 3500, "loss": 3.2185049057006836, "seconds": 268.35241760000645}
{"step": 3600, "loss": 3.173762798309326, "seconds": 274.87019200000213}
{"step": 3700, "loss": 3.2267680168151855, "seconds": 281.3812487999967}
{"step": 3800, "loss": 3.162231683731079, "seconds": 287.89792810000654}
{"step": 3900, "loss": 3.2179036140441895, "seconds": 294.41504890000215}
{"step": 4000, "loss": 3.216209888458252, "seconds": 300.9255944000033}
{"validation": {"step": 4000, "bpb": 1.599689809172247, "token_ppl": 29.373037102380273, "nll_nats": 1272933.6739293234, "targets": 376599, "utf8_bytes": 1148007, "seconds": 1.0857250000117347}}
{"snapshot": "runs\\rope_dropout10_coverage_w256_12000_s17_round8\\checkpoint_step_4000.pt", "sha256": "ee3cb497900418dfc882564b98d8d796600efc6b68d1b44175a48f551b0e74ea"}
{"step": 4100, "loss": 3.046464204788208, "seconds": 307.4777543999953}
{"step": 4200, "loss": 3.153930425643921, "seconds": 313.9747073999897}
{"step": 4300, "loss": 3.1821534633636475, "seconds": 320.48453639999207}
{"step": 4400, "loss": 3.0679876804351807, "seconds": 326.998651899994}
{"step": 4500, "loss": 3.0954244136810303, "seconds": 333.5092970999831}
{"step": 4600, "loss": 3.0564775466918945, "seconds": 340.0234356999863}
{"step": 4700, "loss": 2.999478340148926, "seconds": 346.5279460999882}
{"step": 4800, "loss": 3.1353628635406494, "seconds": 353.1826244999829}
{"step": 4900, "loss": 3.0331544876098633, "seconds": 360.0341715999821}
{"step": 5000, "loss": 3.085327625274658, "seconds": 367.20967369998107}
{"step": 5100, "loss": 2.986614227294922, "seconds": 374.77606019999075}
{"step": 5200, "loss": 3.0943381786346436, "seconds": 382.56115819998377}
{"step": 5300, "loss": 2.9515531063079834, "seconds": 390.62681159998465}
{"step": 5400, "loss": 3.0033011436462402, "seconds": 399.6370796999836}
{"step": 5500, "loss": 2.974367141723633, "seconds": 408.60954369998944}
{"step": 5600, "loss": 3.049243450164795, "seconds": 417.60082879998663}
{"step": 5700, "loss": 3.078101634979248, "seconds": 426.9480995999911}
{"step": 5800, "loss": 2.9837706089019775, "seconds": 436.40397169998323}
{"step": 5900, "loss": 3.0018224716186523, "seconds": 445.7502632999822}
{"step": 6000, "loss": 3.1332848072052, "seconds": 455.99817479998455}
{"validation": {"step": 6000, "bpb": 1.5672035141216416, "token_ppl": 27.42445067479725, "nll_nats": 1247083.1004781385, "targets": 376599, "utf8_bytes": 1148007, "seconds": 1.7138399999967078}}
{"snapshot": "runs\\rope_dropout10_coverage_w256_12000_s17_round8\\checkpoint_step_6000.pt", "sha256": "4ea95d65f20d816fa9581f33a43682d39fc018d726c546dc3b8a3b60a3e4b4dd"}
{"step": 6100, "loss": 3.029417037963867, "seconds": 466.0675770999951}
{"step": 6200, "loss": 2.887972116470337, "seconds": 476.3064780999848}
{"step": 6300, "loss": 2.948810338973999, "seconds": 486.53419989999384}
{"step": 6400, "loss": 2.943002700805664, "seconds": 496.78534099999524}
{"step": 6500, "loss": 3.021528482437134, "seconds": 507.0295814999845}
{"step": 6600, "loss": 3.043267250061035, "seconds": 517.2799875999917}
{"step": 6700, "loss": 2.9642391204833984, "seconds": 527.5723043999897}
{"step": 6800, "loss": 2.8633623123168945, "seconds": 537.8831372999848}
{"step": 6900, "loss": 2.939382553100586, "seconds": 548.1579195999948}
{"step": 7000, "loss": 2.970608949661255, "seconds": 558.3956475999876}
{"step": 7100, "loss": 2.887240409851074, "seconds": 568.6307072999916}
{"step": 7200, "loss": 2.943571090698242, "seconds": 578.9094077999907}
{"step": 7300, "loss": 2.9374043941497803, "seconds": 589.1628410999983}
{"step": 7400, "loss": 2.9098191261291504, "seconds": 599.4377789999853}
{"step": 7500, "loss": 2.8647356033325195, "seconds": 609.6872367999895}
{"step": 7600, "loss": 2.961392402648926, "seconds": 619.9933447999938}
{"step": 7700, "loss": 2.984711170196533, "seconds": 630.2912149999902}
{"step": 7800, "loss": 2.9651565551757812, "seconds": 640.8271775999892}
{"step": 7900, "loss": 2.8918182849884033, "seconds": 651.6438101999956}
{"step": 8000, "loss": 3.0319321155548096, "seconds": 662.4947535999963}
{"validation": {"step": 8000, "bpb": 1.5507277120299074, "token_ppl": 26.48615915262515, "nll_nats": 1233972.6817161313, "targets": 376599, "utf8_bytes": 1148007, "seconds": 1.7803394999937154}}
{"snapshot": "runs\\rope_dropout10_coverage_w256_12000_s17_round8\\checkpoint_step_8000.pt", "sha256": "d9617ddb8fbce5b58d68d0457411fe49816eca0e74a4e46725659479bcc01e8a"}
{"step": 8100, "loss": 2.7851665019989014, "seconds": 673.5797214000049}
{"step": 8200, "loss": 2.844121217727661, "seconds": 684.7352194999985}
{"step": 8300, "loss": 2.9315481185913086, "seconds": 695.7334279999923}
{"step": 8400, "loss": 2.9019832611083984, "seconds": 706.7047721999988}
{"step": 8500, "loss": 2.8013410568237305, "seconds": 717.7004708000022}
{"step": 8600, "loss": 2.980801820755005, "seconds": 728.7364785999962}
{"step": 8700, "loss": 2.8879148960113525, "seconds": 739.7372237999953}
{"step": 8800, "loss": 2.831589698791504, "seconds": 750.7281342999922}
{"step": 8900, "loss": 2.8582472801208496, "seconds": 761.7022867999913}
{"step": 9000, "loss": 2.739790678024292, "seconds": 772.6742726999946}
{"step": 9100, "loss": 2.788292646408081, "seconds": 783.6651077999995}
{"step": 9200, "loss": 2.884005308151245, "seconds": 794.664311200002}
{"step": 9300, "loss": 2.8227858543395996, "seconds": 805.6673965999944}
{"step": 9400, "loss": 2.809378147125244, "seconds": 816.6655223999987}
{"step": 9500, "loss": 2.7935330867767334, "seconds": 827.6510699999926}
{"step": 9600, "loss": 2.74363374710083, "seconds": 838.6448333000008}
{"step": 9700, "loss": 2.8924388885498047, "seconds": 849.6006309999939}
{"step": 9800, "loss": 2.7958884239196777, "seconds": 860.5442998999933}
{"step": 9900, "loss": 2.8408408164978027, "seconds": 871.5499257999909}
{"step": 10000, "loss": 2.797376871109009, "seconds": 882.5678464999946}
{"validation": {"step": 10000, "bpb": 1.5384560426048373, "token_ppl": 25.808213142174477, "nll_nats": 1224207.6502975817, "targets": 376599, "utf8_bytes": 1148007, "seconds": 1.8299415999936173}}
{"snapshot": "runs\\rope_dropout10_coverage_w256_12000_s17_round8\\checkpoint_step_10000.pt", "sha256": "2bc42592bfb60bf8010d4813bfbc352aca6ccd010dc76200ba390897f6b59e8b"}
{"step": 10100, "loss": 2.8781046867370605, "seconds": 893.6028781000059}
{"step": 10200, "loss": 2.8728199005126953, "seconds": 904.8444304000004}
{"step": 10300, "loss": 2.8079512119293213, "seconds": 917.2867973000102}
{"step": 10400, "loss": 2.8261895179748535, "seconds": 928.9151720000082}
{"step": 10500, "loss": 2.6485536098480225, "seconds": 940.4319534000097}
{"step": 10600, "loss": 2.8085319995880127, "seconds": 956.0484777000092}
{"step": 10700, "loss": 2.83604097366333, "seconds": 977.5070017999969}
{"step": 10800, "loss": 2.7890026569366455, "seconds": 989.098436500004}
{"step": 10900, "loss": 2.8237814903259277, "seconds": 1000.6379594000027}
{"step": 11000, "loss": 2.8115289211273193, "seconds": 1012.2475856000092}
{"step": 11100, "loss": 2.7115254402160645, "seconds": 1023.8181695000094}
{"step": 11200, "loss": 2.7309248447418213, "seconds": 1035.3979761000082}
{"step": 11300, "loss": 2.8605265617370605, "seconds": 1046.9625262000045}
{"step": 11400, "loss": 2.763117551803589, "seconds": 1058.5514049000049}
{"step": 11500, "loss": 2.700321674346924, "seconds": 1070.1731837999978}
{"step": 11600, "loss": 2.7155890464782715, "seconds": 1081.8223413000087}
{"step": 11700, "loss": 2.840298891067505, "seconds": 1093.4454065000027}
{"step": 11800, "loss": 2.840747833251953, "seconds": 1105.0057699000026}
{"step": 11900, "loss": 2.7652156352996826, "seconds": 1116.6487027000112}
{"step": 12000, "loss": 2.743520736694336, "seconds": 1128.2728731000097}
{"validation": {"step": 12000, "bpb": 1.5366804471950601, "token_ppl": 25.711568372385344, "nll_nats": 1222794.7418853256, "targets": 376599, "utf8_bytes": 1148007, "seconds": 1.9238463999936357}}
{
  "protocol": "7506-mp1-wt2-v2",
  "implementation": "student_rope",
  "config": {
    "vocab": 2048,
    "width": 256,
    "heads": 4,
    "depth": 4,
    "context": 256,
    "dropout_p": 0.1
  },
  "seed": 17,
  "sampler": "coverage",
  "parameters": 3683840,
  "precision": "fp32",
  "train_tokens": 98304000,
  "own_train_tokens": 98304000,
  "teacher_checkpoint_sha256": null,
  "distill_weight": null,
  "preparation_seconds": 10.05430279999564,
  "train_seconds": 1128.276346100014,
  "validation": {
    "bpb": 1.5366804471950601,
    "token_ppl": 25.711568372385344,
    "nll_nats": 1222794.7418853256,
    "targets": 376599,
    "utf8_bytes": 1148007,
    "seconds": 1.9146808999939822
  },
  "history": [],
  "validation_history": [
    {
      "step": 2000,
      "bpb": 1.690342869113589,
      "token_ppl": 35.574292040022286,
      "nll_nats": 1345069.7417984928,
      "targets": 376599,
      "utf8_bytes": 1148007,
      "seconds": 1.1454087000020081
    },
    {
      "step": 4000,
      "bpb": 1.599689809172247,
      "token_ppl": 29.373037102380273,
      "nll_nats": 1272933.6739293234,
      "targets": 376599,
      "utf8_bytes": 1148007,
      "seconds": 1.0857250000117347
    },
    {
      "step": 6000,
      "bpb": 1.5672035141216416,
      "token_ppl": 27.42445067479725,
      "nll_nats": 1247083.1004781385,
      "targets": 376599,
      "utf8_bytes": 1148007,
      "seconds": 1.7138399999967078
    },
    {
      "step": 8000,
      "bpb": 1.5507277120299074,
      "token_ppl": 26.48615915262515,
      "nll_nats": 1233972.6817161313,
      "targets": 376599,
      "utf8_bytes": 1148007,
      "seconds": 1.7803394999937154
    },
    {
      "step": 10000,
      "bpb": 1.5384560426048373,
      "token_ppl": 25.808213142174477,
      "nll_nats": 1224207.6502975817,
      "targets": 376599,
      "utf8_bytes": 1148007,
      "seconds": 1.8299415999936173
    },
    {
      "step": 12000,
      "bpb": 1.5366804471950601,
      "token_ppl": 25.711568372385344,
      "nll_nats": 1222794.7418853256,
      "targets": 376599,
      "utf8_bytes": 1148007,
      "seconds": 1.9238463999936357
    }
  ],
  "intermediate_validation_seconds": 9.479101199991419,
  "process_seconds": 1149.883059300002,
  "torch_version": "2.7.1+cu126",
  "threads": 4,
  "checkpoint_sha256": "6cd5a491d79b2f21fb386baa344ec42acc546ce9b69a1bca5cb291d62fed00e8",
  "implementation_sha256": "d351fd618c6f8f06b82636321512f406a20f20407ac199508e082e1a1be106b0",
  "device": "cuda:0",
  "device_name": "NVIDIA GeForce RTX 3060 Laptop GPU",
  "peak_allocated_gb": 0.998281216,
  "peak_reserved_gb": 1.134559232
}
