{"step": 100, "loss": 5.521906852722168, "seconds": 26.870040299996617}
{"step": 200, "loss": 4.733621120452881, "seconds": 53.43492269999115}
{"step": 300, "loss": 4.463890552520752, "seconds": 80.0173197999975}
{"step": 400, "loss": 4.238575458526611, "seconds": 106.52071409999917}
{"step": 500, "loss": 4.009275436401367, "seconds": 134.40987940000196}
{"step": 600, "loss": 3.916505813598633, "seconds": 162.81306829999085}
{"step": 700, "loss": 3.9604151248931885, "seconds": 191.19519279999076}
{"step": 800, "loss": 3.8170595169067383, "seconds": 219.62489389999246}
{"step": 900, "loss": 3.6879539489746094, "seconds": 248.03851269998995}
{"step": 1000, "loss": 3.6199474334716797, "seconds": 276.4585551999917}
{"step": 1100, "loss": 3.6976587772369385, "seconds": 304.8530826999922}
{"step": 1200, "loss": 3.65805983543396, "seconds": 333.22029509999265}
{"validation": {"step": 1200, "bpb": 1.7561003401652904, "token_ppl": 40.87693666521844, "nll_nats": 1397395.4481536867, "targets": 376599, "utf8_bytes": 1148007, "seconds": 4.580546299999696}}
{"step": 1300, "loss": 3.6301443576812744, "seconds": 361.7209653999889}
{"step": 1400, "loss": 3.43599271774292, "seconds": 390.2252623999957}
{"step": 1500, "loss": 3.4648876190185547, "seconds": 418.75100759998895}
{"step": 1600, "loss": 3.5403902530670166, "seconds": 447.2345311999961}
{"step": 1700, "loss": 3.510641574859619, "seconds": 475.75821429998905}
{"step": 1800, "loss": 3.4299910068511963, "seconds": 504.26716979999037}
{"step": 1900, "loss": 3.3985090255737305, "seconds": 532.7384290999908}
{"step": 2000, "loss": 3.349426507949829, "seconds": 561.3021871999954}
{"step": 2100, "loss": 3.439723014831543, "seconds": 599.5130072999891}
{"step": 2200, "loss": 3.3781673908233643, "seconds": 631.2256641999993}
{"step": 2300, "loss": 3.293393850326538, "seconds": 660.0338125999988}
{"step": 2400, "loss": 3.4205896854400635, "seconds": 689.6998171000014}
{"validation": {"step": 2400, "bpb": 1.664782461776923, "token_ppl": 33.703954673057545, "nll_nats": 1324730.3591059016, "targets": 376599, "utf8_bytes": 1148007, "seconds": 4.751622700001462}}
{"step": 2500, "loss": 3.2845582962036133, "seconds": 719.3159603999957}
{"step": 2600, "loss": 3.296003818511963, "seconds": 748.7968800999952}
{"step": 2700, "loss": 3.2193081378936768, "seconds": 778.4027284999902}
{"step": 2800, "loss": 3.2411532402038574, "seconds": 808.0332055999897}
{"step": 2900, "loss": 3.1811819076538086, "seconds": 837.6473227999959}
{"step": 3000, "loss": 3.1965694427490234, "seconds": 867.2531072999991}
{"step": 3100, "loss": 3.2390809059143066, "seconds": 896.8298424999957}
{"step": 3200, "loss": 3.1587893962860107, "seconds": 926.2358571999939}
{"step": 3300, "loss": 3.2392423152923584, "seconds": 955.6974856999877}
{"step": 3400, "loss": 3.131894588470459, "seconds": 989.6396478999959}
{"step": 3500, "loss": 3.1727805137634277, "seconds": 1019.200337599992}
{"step": 3600, "loss": 3.1281588077545166, "seconds": 1048.7519915999874}
{"validation": {"step": 3600, "bpb": 1.6164993142672273, "token_ppl": 30.435050585194027, "nll_nats": 1286309.632790097, "targets": 376599, "utf8_bytes": 1148007, "seconds": 4.73054140000022}}
{"step": 3700, "loss": 3.165083646774292, "seconds": 1078.1965424999944}
{"step": 3800, "loss": 3.105602741241455, "seconds": 1107.582914899991}
{"step": 3900, "loss": 3.1783735752105713, "seconds": 1137.1288458999916}
{"step": 4000, "loss": 3.1773359775543213, "seconds": 1166.6815019999922}
{"step": 4100, "loss": 2.9754464626312256, "seconds": 1196.2387935999868}
{"step": 4200, "loss": 3.0922772884368896, "seconds": 1225.834847399994}
{"step": 4300, "loss": 3.1291403770446777, "seconds": 1255.313333699989}
{"step": 4400, "loss": 2.9976725578308105, "seconds": 1284.6848555999895}
{"step": 4500, "loss": 3.0298898220062256, "seconds": 1314.2570544999908}
{"step": 4600, "loss": 2.997297525405884, "seconds": 1343.7662347999867}
{"step": 4700, "loss": 2.9530892372131348, "seconds": 1362.1801364999992}
{"step": 4800, "loss": 3.0690455436706543, "seconds": 1374.9521613999968}
{"validation": {"step": 4800, "bpb": 1.5843524065333834, "token_ppl": 28.436395682114888, "nll_nats": 1260729.122660897, "targets": 376599, "utf8_bytes": 1148007, "seconds": 2.1926230000099167}}
{"step": 4900, "loss": 2.97507905960083, "seconds": 1388.7148866999778}
{"step": 5000, "loss": 3.027998447418213, "seconds": 1400.9872590999876}
{"step": 5100, "loss": 2.943107843399048, "seconds": 1414.2277749999776}
{"step": 5200, "loss": 3.00942063331604, "seconds": 1433.976058899978}
{"step": 5300, "loss": 2.9271485805511475, "seconds": 1453.769102199978}
{"step": 5400, "loss": 2.948554515838623, "seconds": 1466.994974799978}
{"step": 5500, "loss": 2.91949725151062, "seconds": 1485.6647001999809}
{"step": 5600, "loss": 2.9961633682250977, "seconds": 1506.9643412999867}
{"step": 5700, "loss": 3.0244600772857666, "seconds": 1520.0971657999908}
{"step": 5800, "loss": 2.956660509109497, "seconds": 1533.2548413999903}
{"step": 5900, "loss": 2.9720311164855957, "seconds": 1558.2475081999874}
{"step": 6000, "loss": 3.065973997116089, "seconds": 1589.2721595999901}
{"validation": {"step": 6000, "bpb": 1.576047054801396, "token_ppl": 27.94172257615908, "nll_nats": 1254120.2402182787, "targets": 376599, "utf8_bytes": 1148007, "seconds": 4.944917999993777}}
{
  "protocol": "7506-mp1-wt2-v2",
  "implementation": "student_rope_qknorm",
  "config": {
    "vocab": 2048,
    "width": 256,
    "heads": 4,
    "depth": 4,
    "context": 256,
    "dropout_p": 0.1
  },
  "seed": 17,
  "sampler": "coverage",
  "parameters": 3683840,
  "precision": "fp32",
  "train_tokens": 49152000,
  "own_train_tokens": 49152000,
  "teacher_checkpoint_sha256": null,
  "distill_weight": null,
  "preparation_seconds": 12.7009962000011,
  "train_seconds": 1589.2754962999898,
  "validation": {
    "bpb": 1.576047054801396,
    "token_ppl": 27.94172257615908,
    "nll_nats": 1254120.2402182787,
    "targets": 376599,
    "utf8_bytes": 1148007,
    "seconds": 4.960748900004546
  },
  "history": [],
  "validation_history": [
    {
      "step": 1200,
      "bpb": 1.7561003401652904,
      "token_ppl": 40.87693666521844,
      "nll_nats": 1397395.4481536867,
      "targets": 376599,
      "utf8_bytes": 1148007,
      "seconds": 4.580546299999696
    },
    {
      "step": 2400,
      "bpb": 1.664782461776923,
      "token_ppl": 33.703954673057545,
      "nll_nats": 1324730.3591059016,
      "targets": 376599,
      "utf8_bytes": 1148007,
      "seconds": 4.751622700001462
    },
    {
      "step": 3600,
      "bpb": 1.6164993142672273,
      "token_ppl": 30.435050585194027,
      "nll_nats": 1286309.632790097,
      "targets": 376599,
      "utf8_bytes": 1148007,
      "seconds": 4.73054140000022
    },
    {
      "step": 4800,
      "bpb": 1.5843524065333834,
      "token_ppl": 28.436395682114888,
      "nll_nats": 1260729.122660897,
      "targets": 376599,
      "utf8_bytes": 1148007,
      "seconds": 2.1926230000099167
    },
    {
      "step": 6000,
      "bpb": 1.576047054801396,
      "token_ppl": 27.94172257615908,
      "nll_nats": 1254120.2402182787,
      "targets": 376599,
      "utf8_bytes": 1148007,
      "seconds": 4.944917999993777
    }
  ],
  "intermediate_validation_seconds": 21.200251400005072,
  "process_seconds": 1628.3183807999885,
  "torch_version": "2.7.1+cu126",
  "threads": 4,
  "checkpoint_sha256": "d717f5b39b8618aebe3fc1adc81daa767fa5e34d8109997d7003b5141e076e7c",
  "implementation_sha256": "950c510d6915047032741c310b67a820cf9fe329627d983d6f8958233ddba3a9",
  "device": "cuda:0",
  "device_name": "NVIDIA GeForce RTX 3060 Laptop GPU",
  "peak_allocated_gb": 1.000378368,
  "peak_reserved_gb": 1.136656384
}
