{"step": 100, "loss": 5.582887649536133, "seconds": 5.620884299991303}
{"step": 200, "loss": 4.892987251281738, "seconds": 11.029180999990785}
{"step": 300, "loss": 4.680422782897949, "seconds": 16.832028899996658}
{"step": 400, "loss": 4.58424711227417, "seconds": 22.73683969999547}
{"step": 500, "loss": 4.3976898193359375, "seconds": 36.669811100000516}
{"step": 600, "loss": 4.355518341064453, "seconds": 48.57080229998974}
{"step": 700, "loss": 4.218768119812012, "seconds": 55.16724149999209}
{"step": 800, "loss": 4.271853923797607, "seconds": 62.52270940000017}
{"step": 900, "loss": 4.091908931732178, "seconds": 69.95516299999144}
{"step": 1000, "loss": 3.948413372039795, "seconds": 78.09937309999077}
{"step": 1100, "loss": 3.8753533363342285, "seconds": 86.25106809999852}
{"step": 1200, "loss": 3.8861711025238037, "seconds": 94.42360619999818}
{"validation": {"step": 1200, "bpb": 1.8612800655730095, "token_ppl": 51.05004036432785, "nll_nats": 1481090.933064855, "targets": 376599, "utf8_bytes": 1148007, "seconds": 1.414712599987979}}
{"step": 1300, "loss": 3.87978458404541, "seconds": 103.41447190000326}
{"step": 1400, "loss": 3.797128915786743, "seconds": 112.40405209999881}
{"step": 1500, "loss": 3.7750720977783203, "seconds": 121.37651980000373}
{"step": 1600, "loss": 3.709162950515747, "seconds": 130.35441090000677}
{"step": 1700, "loss": 3.6341381072998047, "seconds": 139.30734389999998}
{"step": 1800, "loss": 3.557326316833496, "seconds": 148.23182840000663}
{"step": 1900, "loss": 3.544390916824341, "seconds": 157.4177469999995}
{"step": 2000, "loss": 3.478085994720459, "seconds": 167.01077590000932}
{"step": 2100, "loss": 3.432715892791748, "seconds": 176.90021930000512}
{"step": 2200, "loss": 3.4456613063812256, "seconds": 186.80612130000372}
{"step": 2300, "loss": 3.382847547531128, "seconds": 196.6523690000031}
{"step": 2400, "loss": 3.4354732036590576, "seconds": 206.49956860000384}
{"validation": {"step": 2400, "bpb": 1.6904500869403114, "token_ppl": 35.58235219320501, "nll_nats": 1345155.0590776915, "targets": 376599, "utf8_bytes": 1148007, "seconds": 1.6229684999998426}}
{"step": 2500, "loss": 3.4336156845092773, "seconds": 216.41385750001064}
{"step": 2600, "loss": 3.3594110012054443, "seconds": 226.32738100001006}
{"step": 2700, "loss": 3.346374034881592, "seconds": 236.22105920000467}
{"step": 2800, "loss": 3.334900379180908, "seconds": 246.10505199999898}
{"step": 2900, "loss": 3.296987771987915, "seconds": 256.0381636000093}
{"step": 3000, "loss": 3.3545143604278564, "seconds": 265.9608724999998}
{"step": 3100, "loss": 3.2785656452178955, "seconds": 275.8995569000108}
{"step": 3200, "loss": 3.272742986679077, "seconds": 285.832413000011}
{"step": 3300, "loss": 3.274324417114258, "seconds": 295.7932828000048}
{"step": 3400, "loss": 3.2639381885528564, "seconds": 305.6843106000015}
{"step": 3500, "loss": 3.3008527755737305, "seconds": 315.6076807000063}
{"step": 3600, "loss": 3.251227855682373, "seconds": 325.56027030000405}
{"validation": {"step": 3600, "bpb": 1.6268934553598686, "token_ppl": 31.110870942174312, "nll_nats": 1294580.6439152115, "targets": 376599, "utf8_bytes": 1148007, "seconds": 1.6571728999988409}}
{"step": 3700, "loss": 3.168884515762329, "seconds": 335.55961310000566}
{"step": 3800, "loss": 3.326555013656616, "seconds": 345.9415294000064}
{"step": 3900, "loss": 3.231839179992676, "seconds": 356.25290510000195}
{"step": 4000, "loss": 3.117403745651245, "seconds": 366.54909020000196}
{"step": 4100, "loss": 3.21639347076416, "seconds": 376.87930020000204}
{"step": 4200, "loss": 3.130052089691162, "seconds": 387.2449331000098}
{"step": 4300, "loss": 3.2605812549591064, "seconds": 397.579948300001}
{"step": 4400, "loss": 3.122485876083374, "seconds": 407.94342450000113}
{"step": 4500, "loss": 3.163191318511963, "seconds": 418.317901500006}
{"step": 4600, "loss": 3.0388247966766357, "seconds": 428.6998663000122}
{"step": 4700, "loss": 3.1243090629577637, "seconds": 439.0861864000035}
{"step": 4800, "loss": 3.118140697479248, "seconds": 449.4414925000019}
{"validation": {"step": 4800, "bpb": 1.6032925800543802, "token_ppl": 29.597492686969552, "nll_nats": 1275800.5349601456, "targets": 376599, "utf8_bytes": 1148007, "seconds": 1.6898347999958787}}
{
  "protocol": "7506-mp1-wt2-v2",
  "implementation": "student_dropout",
  "config": {
    "vocab": 2048,
    "width": 256,
    "heads": 4,
    "depth": 4,
    "context": 256,
    "dropout_p": 0.1
  },
  "seed": 29,
  "sampler": "coverage",
  "schedule": "cosine",
  "stable_fraction": 0.75,
  "parameters": 3749376,
  "precision": "fp32",
  "train_tokens": 39321600,
  "own_train_tokens": 39321600,
  "teacher_checkpoint_sha256": null,
  "distill_weight": null,
  "preparation_seconds": 9.191017599994666,
  "train_seconds": 449.44297090001055,
  "validation": {
    "bpb": 1.6032925800543802,
    "token_ppl": 29.597492686969552,
    "nll_nats": 1275800.5349601456,
    "targets": 376599,
    "utf8_bytes": 1148007,
    "seconds": 1.7146651000075508
  },
  "history": [],
  "validation_history": [
    {
      "step": 1200,
      "bpb": 1.8612800655730095,
      "token_ppl": 51.05004036432785,
      "nll_nats": 1481090.933064855,
      "targets": 376599,
      "utf8_bytes": 1148007,
      "seconds": 1.414712599987979
    },
    {
      "step": 2400,
      "bpb": 1.6904500869403114,
      "token_ppl": 35.58235219320501,
      "nll_nats": 1345155.0590776915,
      "targets": 376599,
      "utf8_bytes": 1148007,
      "seconds": 1.6229684999998426
    },
    {
      "step": 3600,
      "bpb": 1.6268934553598686,
      "token_ppl": 31.110870942174312,
      "nll_nats": 1294580.6439152115,
      "targets": 376599,
      "utf8_bytes": 1148007,
      "seconds": 1.6571728999988409
    },
    {
      "step": 4800,
      "bpb": 1.6032925800543802,
      "token_ppl": 29.597492686969552,
      "nll_nats": 1275800.5349601456,
      "targets": 376599,
      "utf8_bytes": 1148007,
      "seconds": 1.6898347999958787
    }
  ],
  "intermediate_validation_seconds": 6.384688799982541,
  "process_seconds": 466.88105489999,
  "torch_version": "2.7.1+cu126",
  "threads": 4,
  "checkpoint_sha256": "6b208e8d088659a646b3d90a06e9adadc62bcb6d9b94936efb1ab1f839155359",
  "implementation_sha256": "3cfd973dfac05b9ee3c72b130ad0491faac4e95f3ae53f1fd460a0da063ac379",
  "device": "cuda:0",
  "device_name": "NVIDIA GeForce RTX 3060 Laptop GPU",
  "peak_allocated_gb": 0.931436544,
  "peak_reserved_gb": 1.073741824
}
