{"step": 100, "loss": 5.589146137237549, "seconds": 5.516814799993881}
{"step": 200, "loss": 4.852031707763672, "seconds": 10.52651579999656}
{"step": 300, "loss": 4.703223705291748, "seconds": 15.634835999997449}
{"step": 400, "loss": 4.536955833435059, "seconds": 20.965697099993122}
{"step": 500, "loss": 4.492430686950684, "seconds": 26.62210029999551}
{"step": 600, "loss": 4.3071208000183105, "seconds": 32.414866999999504}
{"step": 700, "loss": 4.301912307739258, "seconds": 46.10273099999176}
{"step": 800, "loss": 4.125949382781982, "seconds": 54.28842409999925}
{"step": 900, "loss": 4.055074214935303, "seconds": 60.37526239998988}
{"step": 1000, "loss": 3.9376063346862793, "seconds": 66.59685370000079}
{"step": 1100, "loss": 3.954421043395996, "seconds": 73.00861350000196}
{"step": 1200, "loss": 3.8954124450683594, "seconds": 79.48434660000203}
{"validation": {"step": 1200, "bpb": 1.8609030262262543, "token_ppl": 51.009386613962775, "nll_nats": 1480790.9085987809, "targets": 376599, "utf8_bytes": 1148007, "seconds": 1.1078712000016822}}
{"step": 1300, "loss": 3.7848947048187256, "seconds": 88.65706990000035}
{"step": 1400, "loss": 3.7034952640533447, "seconds": 103.5039695000014}
{"step": 1500, "loss": 3.7745938301086426, "seconds": 111.12840619999042}
{"step": 1600, "loss": 3.5917537212371826, "seconds": 118.75463260000106}
{"step": 1700, "loss": 3.5272104740142822, "seconds": 126.4182271000027}
{"step": 1800, "loss": 3.6329994201660156, "seconds": 139.67255679999653}
{"step": 1900, "loss": 3.390089511871338, "seconds": 153.1300268999912}
{"step": 2000, "loss": 3.5276620388031006, "seconds": 161.57415619998937}
{"step": 2100, "loss": 3.4983208179473877, "seconds": 170.02568669999891}
{"step": 2200, "loss": 3.4602460861206055, "seconds": 178.6821704999893}
{"step": 2300, "loss": 3.4808084964752197, "seconds": 187.4711251999979}
{"step": 2400, "loss": 3.3447964191436768, "seconds": 196.277222299992}
{"validation": {"step": 2400, "bpb": 1.7069802998743673, "token_ppl": 36.84711898313317, "nll_nats": 1358308.774604497, "targets": 376599, "utf8_bytes": 1148007, "seconds": 1.437241300009191}}
{"step": 2500, "loss": 3.319106101989746, "seconds": 205.06602699999348}
{"step": 2600, "loss": 3.3616251945495605, "seconds": 213.87673989999166}
{"step": 2700, "loss": 3.3012170791625977, "seconds": 222.76066029998765}
{"step": 2800, "loss": 3.4251534938812256, "seconds": 231.76290159998462}
{"step": 2900, "loss": 3.3219707012176514, "seconds": 240.7335048999812}
{"step": 3000, "loss": 3.259486198425293, "seconds": 249.72259499998472}
{"step": 3100, "loss": 3.3421921730041504, "seconds": 258.9215986999916}
{"step": 3200, "loss": 3.2509055137634277, "seconds": 267.14867999998387}
{"step": 3300, "loss": 3.2266366481781006, "seconds": 274.53897059998417}
{"step": 3400, "loss": 3.200929641723633, "seconds": 281.10387029997946}
{"step": 3500, "loss": 3.274902820587158, "seconds": 287.5388269999821}
{"step": 3600, "loss": 3.232470989227295, "seconds": 293.74506359998486}
{"validation": {"step": 3600, "bpb": 1.6421322327415218, "token_ppl": 32.12890847671678, "nll_nats": 1306706.7153369307, "targets": 376599, "utf8_bytes": 1148007, "seconds": 1.010082599997986}}
{"step": 3700, "loss": 3.1759872436523438, "seconds": 299.94774259999394}
{"step": 3800, "loss": 3.2170639038085938, "seconds": 306.0253437999927}
{"step": 3900, "loss": 3.1649911403656006, "seconds": 312.04292049998185}
{"step": 4000, "loss": 3.163031578063965, "seconds": 318.0666290999943}
{"step": 4100, "loss": 3.252103328704834, "seconds": 324.05635339998116}
{"step": 4200, "loss": 3.090993881225586, "seconds": 330.036640499995}
{"step": 4300, "loss": 3.2472753524780273, "seconds": 336.03964609999093}
{"step": 4400, "loss": 3.075352668762207, "seconds": 342.01063149998663}
{"step": 4500, "loss": 3.117936372756958, "seconds": 348.0093666999892}
{"step": 4600, "loss": 3.2824363708496094, "seconds": 354.01033029999235}
{"step": 4700, "loss": 3.0545594692230225, "seconds": 360.0107510999951}
{"step": 4800, "loss": 3.1379566192626953, "seconds": 365.99302749999333}
{"validation": {"step": 4800, "bpb": 1.6185712570147497, "token_ppl": 30.568585125322755, "nll_nats": 1287958.3559854645, "targets": 376599, "utf8_bytes": 1148007, "seconds": 0.9840946000040276}}
{
  "protocol": "7506-mp1-wt2-v2",
  "implementation": "student_dropout",
  "config": {
    "vocab": 2048,
    "width": 256,
    "heads": 4,
    "depth": 4,
    "context": 256,
    "dropout_p": 0.1
  },
  "seed": 29,
  "sampler": "random",
  "parameters": 3749376,
  "precision": "fp32",
  "train_tokens": 39321600,
  "own_train_tokens": 39321600,
  "teacher_checkpoint_sha256": null,
  "distill_weight": null,
  "preparation_seconds": 9.050702900000033,
  "train_seconds": 365.9954300999816,
  "validation": {
    "bpb": 1.6185712570147497,
    "token_ppl": 30.568585125322755,
    "nll_nats": 1287958.3559854645,
    "targets": 376599,
    "utf8_bytes": 1148007,
    "seconds": 0.9835929999971995
  },
  "history": [],
  "validation_history": [
    {
      "step": 1200,
      "bpb": 1.8609030262262543,
      "token_ppl": 51.009386613962775,
      "nll_nats": 1480790.9085987809,
      "targets": 376599,
      "utf8_bytes": 1148007,
      "seconds": 1.1078712000016822
    },
    {
      "step": 2400,
      "bpb": 1.7069802998743673,
      "token_ppl": 36.84711898313317,
      "nll_nats": 1358308.774604497,
      "targets": 376599,
      "utf8_bytes": 1148007,
      "seconds": 1.437241300009191
    },
    {
      "step": 3600,
      "bpb": 1.6421322327415218,
      "token_ppl": 32.12890847671678,
      "nll_nats": 1306706.7153369307,
      "targets": 376599,
      "utf8_bytes": 1148007,
      "seconds": 1.010082599997986
    },
    {
      "step": 4800,
      "bpb": 1.6185712570147497,
      "token_ppl": 30.568585125322755,
      "nll_nats": 1287958.3559854645,
      "targets": 376599,
      "utf8_bytes": 1148007,
      "seconds": 0.9840946000040276
    }
  ],
  "intermediate_validation_seconds": 4.539289700012887,
  "process_seconds": 380.71231519999856,
  "torch_version": "2.7.1+cu126",
  "threads": 4,
  "checkpoint_sha256": "9182d7ff2ff16e53b13f842b80b23d7196fa6cfb1541fa61e106e5a0f861671e",
  "implementation_sha256": "3cfd973dfac05b9ee3c72b130ad0491faac4e95f3ae53f1fd460a0da063ac379",
  "device": "cuda:0",
  "device_name": "NVIDIA GeForce RTX 3060 Laptop GPU",
  "peak_allocated_gb": 0.931436544,
  "peak_reserved_gb": 1.073741824
}
