{"step": 100, "loss": 5.44506311416626, "seconds": 6.263451799997711}
{"step": 200, "loss": 4.689235210418701, "seconds": 12.404681300002267}
{"step": 300, "loss": 4.442207336425781, "seconds": 18.861410999990767}
{"step": 400, "loss": 4.2414984703063965, "seconds": 25.37554549999186}
{"step": 500, "loss": 4.009623050689697, "seconds": 31.92597029999888}
{"step": 600, "loss": 3.920936107635498, "seconds": 38.819924499999615}
{"step": 700, "loss": 3.9544711112976074, "seconds": 48.981704799996805}
{"step": 800, "loss": 3.8340184688568115, "seconds": 64.13243309999234}
{"step": 900, "loss": 3.701173782348633, "seconds": 72.49250039999606}
{"step": 1000, "loss": 3.6399598121643066, "seconds": 81.38682189999963}
{"step": 1100, "loss": 3.7188496589660645, "seconds": 90.82620359999419}
{"step": 1200, "loss": 3.6757001876831055, "seconds": 100.03382989999955}
{"step": 1300, "loss": 3.645456075668335, "seconds": 110.29333529999712}
{"step": 1400, "loss": 3.441652536392212, "seconds": 120.21983649999311}
{"step": 1500, "loss": 3.479255437850952, "seconds": 130.53932219999842}
{"step": 1600, "loss": 3.56459903717041, "seconds": 140.8867961999931}
{"step": 1700, "loss": 3.534111499786377, "seconds": 151.20449759998883}
{"step": 1800, "loss": 3.4492015838623047, "seconds": 161.53378610000073}
{"step": 1900, "loss": 3.43082857131958, "seconds": 171.84025139998994}
{"step": 2000, "loss": 3.3634378910064697, "seconds": 182.10392949999368}
{"validation": {"step": 2000, "bpb": 1.691944681780788, "token_ppl": 35.69489944696648, "nll_nats": 1346344.3647108304, "targets": 376599, "utf8_bytes": 1148007, "seconds": 1.7429793999908725}}
{"snapshot": "runs\\rope_dropout10_coverage_wsd16000_s17_round9\\checkpoint_step_2000.pt", "sha256": "c8e67110cd0530dc4608e2950178007d6b5cd5468ca000cd40cda54a467d4cb7"}
{"step": 2100, "loss": 3.4700047969818115, "seconds": 192.50337270001182}
{"step": 2200, "loss": 3.4045681953430176, "seconds": 202.77965330000734}
{"step": 2300, "loss": 3.3244333267211914, "seconds": 213.0905417000031}
{"step": 2400, "loss": 3.460430860519409, "seconds": 223.41334910001024}
{"step": 2500, "loss": 3.32184100151062, "seconds": 233.7375827000069}
{"step": 2600, "loss": 3.3251190185546875, "seconds": 244.0513917000062}
{"step": 2700, "loss": 3.2521934509277344, "seconds": 254.68705480000062}
{"step": 2800, "loss": 3.2849245071411133, "seconds": 265.41233869999996}
{"step": 2900, "loss": 3.2320430278778076, "seconds": 276.1545244000008}
{"step": 3000, "loss": 3.2348105907440186, "seconds": 286.8202132000006}
{"step": 3100, "loss": 3.2850911617279053, "seconds": 297.5032593000069}
{"step": 3200, "loss": 3.2243142127990723, "seconds": 308.19717440000386}
{"step": 3300, "loss": 3.302500009536743, "seconds": 319.2672644999984}
{"step": 3400, "loss": 3.2148122787475586, "seconds": 330.48864200001117}
{"step": 3500, "loss": 3.2362308502197266, "seconds": 341.7191845000052}
{"step": 3600, "loss": 3.191272497177124, "seconds": 352.9421522000048}
{"step": 3700, "loss": 3.248398542404175, "seconds": 364.1972725000087}
{"step": 3800, "loss": 3.187352418899536, "seconds": 375.426563800007}
{"step": 3900, "loss": 3.2426202297210693, "seconds": 386.6496632000053}
{"step": 4000, "loss": 3.2384743690490723, "seconds": 397.87202799999795}
{"validation": {"step": 4000, "bpb": 1.6035003289049037, "token_ppl": 29.610487789476537, "nll_nats": 1275965.848576595, "targets": 376599, "utf8_bytes": 1148007, "seconds": 1.876739400002407}}
{"snapshot": "runs\\rope_dropout10_coverage_wsd16000_s17_round9\\checkpoint_step_4000.pt", "sha256": "61fd07d183f1223a38f6dbc7ba22936a3febd8c50e03fe368166b676b9f7510c"}
{"step": 4100, "loss": 3.071646213531494, "seconds": 409.16872670000885}
{"step": 4200, "loss": 3.1815390586853027, "seconds": 420.40163459999894}
{"step": 4300, "loss": 3.2136476039886475, "seconds": 431.6514060000045}
{"step": 4400, "loss": 3.0959315299987793, "seconds": 443.06443389999913}
{"step": 4500, "loss": 3.1294491291046143, "seconds": 454.7144393000053}
{"step": 4600, "loss": 3.085453987121582, "seconds": 466.3587082000013}
{"step": 4700, "loss": 3.0337557792663574, "seconds": 477.9867086000013}
{"step": 4800, "loss": 3.178130626678467, "seconds": 489.5922167000099}
{"step": 4900, "loss": 3.0701937675476074, "seconds": 501.15239790000487}
{"step": 5000, "loss": 3.125563383102417, "seconds": 512.7408722999971}
{"step": 5100, "loss": 3.038062810897827, "seconds": 524.307256}
{"step": 5200, "loss": 3.141570568084717, "seconds": 535.8784345000022}
{"step": 5300, "loss": 2.993952512741089, "seconds": 547.4814606}
{"step": 5400, "loss": 3.0584490299224854, "seconds": 559.0878879000084}
{"step": 5500, "loss": 3.0286660194396973, "seconds": 570.667552400002}
{"step": 5600, "loss": 3.105224370956421, "seconds": 582.3315238000068}
{"step": 5700, "loss": 3.143584728240967, "seconds": 593.9801831000077}
{"step": 5800, "loss": 3.043264389038086, "seconds": 605.6018396}
{"step": 5900, "loss": 3.0659868717193604, "seconds": 617.2712698999967}
{"step": 6000, "loss": 3.2013301849365234, "seconds": 628.8754824000061}
{"validation": {"step": 6000, "bpb": 1.5761733586142177, "token_ppl": 27.949180508251565, "nll_nats": 1254220.7449383591, "targets": 376599, "utf8_bytes": 1148007, "seconds": 1.9324533000035444}}
{"snapshot": "runs\\rope_dropout10_coverage_wsd16000_s17_round9\\checkpoint_step_6000.pt", "sha256": "2a2f4dd0cb44154e264c3695fb75340915f1e409063992e8b93af597def32f34"}
{"step": 6100, "loss": 3.091107130050659, "seconds": 641.1450001000048}
{"step": 6200, "loss": 2.938722848892212, "seconds": 653.464115499999}
{"step": 6300, "loss": 3.023118019104004, "seconds": 665.8047172999941}
{"step": 6400, "loss": 3.0084853172302246, "seconds": 678.1655536000035}
{"step": 6500, "loss": 3.0974223613739014, "seconds": 690.4957185999956}
{"step": 6600, "loss": 3.1216468811035156, "seconds": 701.933122699993}
{"step": 6700, "loss": 3.03656005859375, "seconds": 714.0462119000003}
{"step": 6800, "loss": 2.9347102642059326, "seconds": 726.1364713999938}
{"step": 6900, "loss": 3.033212661743164, "seconds": 738.0766270000022}
{"step": 7000, "loss": 3.067352771759033, "seconds": 749.0193266999995}
{"step": 7100, "loss": 2.960078477859497, "seconds": 760.1090317000053}
{"step": 7200, "loss": 3.0415890216827393, "seconds": 771.4498255999933}
{"step": 7300, "loss": 3.0365140438079834, "seconds": 783.0912989999924}
{"step": 7400, "loss": 3.0112524032592773, "seconds": 794.7260572999949}
{"step": 7500, "loss": 2.9454197883605957, "seconds": 806.3713350000035}
{"step": 7600, "loss": 3.0663671493530273, "seconds": 818.0743892000028}
{"step": 7700, "loss": 3.0885586738586426, "seconds": 829.7158268000057}
{"step": 7800, "loss": 3.09000825881958, "seconds": 841.3860762999975}
{"step": 7900, "loss": 3.012702226638794, "seconds": 853.0804590000043}
{"step": 8000, "loss": 3.1296653747558594, "seconds": 864.8004225000041}
{"validation": {"step": 8000, "bpb": 1.566261486754912, "token_ppl": 27.36991758068752, "nll_nats": 1246333.4936793721, "targets": 376599, "utf8_bytes": 1148007, "seconds": 1.9367341000033775}}
{"snapshot": "runs\\rope_dropout10_coverage_wsd16000_s17_round9\\checkpoint_step_8000.pt", "sha256": "0c1a5d133a1ec46023ee65779dc6f03e2f9ca11dc8394f85cfcb3fb3b5e8b2d2"}
{"step": 8100, "loss": 2.9055333137512207, "seconds": 876.5378038999916}
{"step": 8200, "loss": 2.977623224258423, "seconds": 888.2271111000009}
{"step": 8300, "loss": 3.0492215156555176, "seconds": 899.882077199989}
{"step": 8400, "loss": 3.001927375793457, "seconds": 911.5444378999964}
{"step": 8500, "loss": 2.9150564670562744, "seconds": 923.2205610999954}
{"step": 8600, "loss": 3.114175319671631, "seconds": 934.9188405000023}
{"step": 8700, "loss": 3.02868914604187, "seconds": 946.5771960999991}
{"step": 8800, "loss": 2.962769031524658, "seconds": 958.2318318999896}
{"step": 8900, "loss": 2.9853241443634033, "seconds": 969.9660920000024}
{"step": 9000, "loss": 2.8679158687591553, "seconds": 981.6566667000006}
{"step": 9100, "loss": 2.9310574531555176, "seconds": 993.3359269999928}
{"step": 9200, "loss": 3.0165417194366455, "seconds": 1005.0061057999992}
{"step": 9300, "loss": 2.9337844848632812, "seconds": 1016.7196008000028}
{"step": 9400, "loss": 2.9431495666503906, "seconds": 1028.4030125999998}
{"step": 9500, "loss": 2.941340923309326, "seconds": 1041.023861499998}
{"step": 9600, "loss": 2.8977532386779785, "seconds": 1052.8846873000002}
{"step": 9700, "loss": 3.0357837677001953, "seconds": 1064.526711899991}
{"step": 9800, "loss": 2.952353000640869, "seconds": 1076.1504540999886}
{"step": 9900, "loss": 3.0043821334838867, "seconds": 1087.7470838000008}
{"step": 10000, "loss": 2.956033229827881, "seconds": 1099.3287235999887}
{"validation": {"step": 10000, "bpb": 1.5525539348747042, "token_ppl": 26.58855958083497, "nll_nats": 1235425.8762929246, "targets": 376599, "utf8_bytes": 1148007, "seconds": 1.9008692000061274}}
{"snapshot": "runs\\rope_dropout10_coverage_wsd16000_s17_round9\\checkpoint_step_10000.pt", "sha256": "f9a926f2a01f677d01febd9a54974f345a371d458cb6beabff6277225d3046c9"}
{"step": 10100, "loss": 3.0438058376312256, "seconds": 1110.9528482999885}
{"step": 10200, "loss": 3.0137970447540283, "seconds": 1122.5508150999958}
{"step": 10300, "loss": 2.953583002090454, "seconds": 1134.8273422999919}
{"step": 10400, "loss": 2.99748158454895, "seconds": 1147.6463425999827}
{"step": 10500, "loss": 2.8160829544067383, "seconds": 1160.443875699988}
{"step": 10600, "loss": 2.928530216217041, "seconds": 1173.2521931999945}
{"step": 10700, "loss": 2.9743261337280273, "seconds": 1184.378476599988}
{"step": 10800, "loss": 2.946225166320801, "seconds": 1194.6425989999843}
{"step": 10900, "loss": 3.000441789627075, "seconds": 1203.5240240999847}
{"step": 11000, "loss": 2.980269193649292, "seconds": 1211.2709914999868}
{"step": 11100, "loss": 2.8478493690490723, "seconds": 1218.6213590999832}
{"step": 11200, "loss": 2.875871419906616, "seconds": 1225.706394799985}
{"step": 11300, "loss": 3.0239343643188477, "seconds": 1232.5965395999956}
{"step": 11400, "loss": 2.942502737045288, "seconds": 1239.4923191999842}
{"step": 11500, "loss": 2.806978225708008, "seconds": 1248.527986599991}
{"step": 11600, "loss": 2.8578152656555176, "seconds": 1263.512095299986}
{"step": 11700, "loss": 2.9998366832733154, "seconds": 1270.1469649999926}
{"step": 11800, "loss": 3.024909496307373, "seconds": 1276.9551225999894}
{"step": 11900, "loss": 2.9448699951171875, "seconds": 1283.8294968999835}
{"step": 12000, "loss": 2.879478931427002, "seconds": 1291.0431840999954}
{"validation": {"step": 12000, "bpb": 1.55309425551154, "token_ppl": 26.618932402162393, "nll_nats": 1235855.829856049, "targets": 376599, "utf8_bytes": 1148007, "seconds": 1.2103725999913877}}
{"snapshot": "runs\\rope_dropout10_coverage_wsd16000_s17_round9\\checkpoint_step_12000.pt", "sha256": "6d91aa4f80c9e82bcb658d5a546228b3449b558b1ea00599040f471ce9a3df70"}
{"step": 12100, "loss": 2.922093391418457, "seconds": 1299.3270241999999}
{"step": 12200, "loss": 2.92143177986145, "seconds": 1308.066439400005}
{"step": 12300, "loss": 2.9607901573181152, "seconds": 1317.6406791000045}
{"step": 12400, "loss": 2.783082962036133, "seconds": 1327.2482472999982}
{"step": 12500, "loss": 2.9407596588134766, "seconds": 1336.8252283000038}
{"step": 12600, "loss": 2.850870370864868, "seconds": 1347.1787227000023}
{"step": 12700, "loss": 2.936128616333008, "seconds": 1358.2718268000026}
{"step": 12800, "loss": 2.769547700881958, "seconds": 1369.3934808999911}
{"step": 12900, "loss": 2.9814882278442383, "seconds": 1380.465710000004}
{"step": 13000, "loss": 2.8857829570770264, "seconds": 1391.5174773000035}
{"step": 13100, "loss": 2.9376418590545654, "seconds": 1402.5780249999953}
{"step": 13200, "loss": 2.879185199737549, "seconds": 1413.6842059000046}
{"step": 13300, "loss": 2.845433473587036, "seconds": 1424.7799449000013}
{"step": 13400, "loss": 2.786022424697876, "seconds": 1435.854582400003}
{"step": 13500, "loss": 2.9815895557403564, "seconds": 1446.9341759999952}
{"step": 13600, "loss": 2.9223132133483887, "seconds": 1457.989748699998}
{"step": 13700, "loss": 2.8487496376037598, "seconds": 1469.092252100003}
{"step": 13800, "loss": 2.837263345718384, "seconds": 1480.1611530999944}
{"step": 13900, "loss": 2.8692054748535156, "seconds": 1491.2400128000008}
{"step": 14000, "loss": 2.7927582263946533, "seconds": 1502.321043200005}
{"validation": {"step": 14000, "bpb": 1.5280191437159474, "token_ppl": 25.245301333952565, "nll_nats": 1215902.6151770928, "targets": 376599, "utf8_bytes": 1148007, "seconds": 1.8355733999924269}}
{"snapshot": "runs\\rope_dropout10_coverage_wsd16000_s17_round9\\checkpoint_step_14000.pt", "sha256": "3c038e9c9a186271ee66089ea767ebd6c1e71c0e8563a7b3abe90b9f1ca9b3a1"}
{"step": 14100, "loss": 2.8633313179016113, "seconds": 1513.553380700003}
{"step": 14200, "loss": 2.710967779159546, "seconds": 1525.1600143000105}
{"step": 14300, "loss": 2.6991078853607178, "seconds": 1537.0214643000072}
{"step": 14400, "loss": 2.5755536556243896, "seconds": 1548.807303300011}
{"step": 14500, "loss": 2.797124147415161, "seconds": 1560.5787746999995}
{"step": 14600, "loss": 2.7056682109832764, "seconds": 1572.3742261000007}
{"step": 14700, "loss": 2.7617685794830322, "seconds": 1584.1358895000012}
{"step": 14800, "loss": 2.7353355884552, "seconds": 1595.8760661999986}
{"step": 14900, "loss": 2.706448554992676, "seconds": 1607.646243100011}
{"step": 15000, "loss": 2.615908145904541, "seconds": 1619.4598893000075}
{"step": 15100, "loss": 2.6762192249298096, "seconds": 1631.2534768000041}
{"step": 15200, "loss": 2.694960355758667, "seconds": 1643.0094811000017}
{"step": 15300, "loss": 2.6054818630218506, "seconds": 1654.7496308000118}
{"step": 15400, "loss": 2.759566068649292, "seconds": 1666.4893224000116}
{"step": 15500, "loss": 2.720754861831665, "seconds": 1678.2820202000003}
{"step": 15600, "loss": 2.7548418045043945, "seconds": 1690.083236999999}
{"step": 15700, "loss": 2.7572755813598633, "seconds": 1701.8497001000069}
{"step": 15800, "loss": 2.7023766040802, "seconds": 1713.607047700003}
{"step": 15900, "loss": 2.5952413082122803, "seconds": 1725.3442661000008}
{"step": 16000, "loss": 2.683560848236084, "seconds": 1737.16187180001}
{"validation": {"step": 16000, "bpb": 1.5162884788389408, "token_ppl": 24.62725243021813, "nll_nats": 1206568.0815356937, "targets": 376599, "utf8_bytes": 1148007, "seconds": 1.9409362000005785}}
{
  "protocol": "7506-mp1-wt2-v2",
  "implementation": "student_rope",
  "config": {
    "vocab": 2048,
    "width": 256,
    "heads": 4,
    "depth": 4,
    "context": 256,
    "dropout_p": 0.1
  },
  "seed": 17,
  "sampler": "coverage",
  "schedule": "wsd",
  "stable_fraction": 0.75,
  "learning_rate": 0.001,
  "lr_floor": 0.1,
  "warmup_steps": 100,
  "parameters": 3683840,
  "precision": "fp32",
  "train_tokens": 131072000,
  "own_train_tokens": 131072000,
  "teacher_checkpoint_sha256": null,
  "distill_weight": null,
  "initial_checkpoint_sha256": null,
  "preparation_seconds": 9.328115000011167,
  "train_seconds": 1737.1642525000061,
  "validation": {
    "bpb": 1.5162884788389408,
    "token_ppl": 24.62725243021813,
    "nll_nats": 1206568.0815356937,
    "targets": 376599,
    "utf8_bytes": 1148007,
    "seconds": 1.9446477999881608
  },
  "history": [],
  "validation_history": [
    {
      "step": 2000,
      "bpb": 1.691944681780788,
      "token_ppl": 35.69489944696648,
      "nll_nats": 1346344.3647108304,
      "targets": 376599,
      "utf8_bytes": 1148007,
      "seconds": 1.7429793999908725
    },
    {
      "step": 4000,
      "bpb": 1.6035003289049037,
      "token_ppl": 29.610487789476537,
      "nll_nats": 1275965.848576595,
      "targets": 376599,
      "utf8_bytes": 1148007,
      "seconds": 1.876739400002407
    },
    {
      "step": 6000,
      "bpb": 1.5761733586142177,
      "token_ppl": 27.949180508251565,
      "nll_nats": 1254220.7449383591,
      "targets": 376599,
      "utf8_bytes": 1148007,
      "seconds": 1.9324533000035444
    },
    {
      "step": 8000,
      "bpb": 1.566261486754912,
      "token_ppl": 27.36991758068752,
      "nll_nats": 1246333.4936793721,
      "targets": 376599,
      "utf8_bytes": 1148007,
      "seconds": 1.9367341000033775
    },
    {
      "step": 10000,
      "bpb": 1.5525539348747042,
      "token_ppl": 26.58855958083497,
      "nll_nats": 1235425.8762929246,
      "targets": 376599,
      "utf8_bytes": 1148007,
      "seconds": 1.9008692000061274
    },
    {
      "step": 12000,
      "bpb": 1.55309425551154,
      "token_ppl": 26.618932402162393,
      "nll_nats": 1235855.829856049,
      "targets": 376599,
      "utf8_bytes": 1148007,
      "seconds": 1.2103725999913877
    },
    {
      "step": 14000,
      "bpb": 1.5280191437159474,
      "token_ppl": 25.245301333952565,
      "nll_nats": 1215902.6151770928,
      "targets": 376599,
      "utf8_bytes": 1148007,
      "seconds": 1.8355733999924269
    },
    {
      "step": 16000,
      "bpb": 1.5162884788389408,
      "token_ppl": 24.62725243021813,
      "nll_nats": 1206568.0815356937,
      "targets": 376599,
      "utf8_bytes": 1148007,
      "seconds": 1.9409362000005785
    }
  ],
  "intermediate_validation_seconds": 14.376657599990722,
  "process_seconds": 1762.9591749999963,
  "torch_version": "2.7.1+cu126",
  "threads": 4,
  "checkpoint_sha256": "40f877ef0a4759bc5026333ff698355a0133ef79514aa6f3c821a32bb875465c",
  "implementation_sha256": "d351fd618c6f8f06b82636321512f406a20f20407ac199508e082e1a1be106b0",
  "device": "cuda:0",
  "device_name": "NVIDIA GeForce RTX 3060 Laptop GPU",
  "peak_allocated_gb": 0.998281216,
  "peak_reserved_gb": 1.134559232
}
