{"step": 100, "loss": 5.44506311416626, "seconds": 6.8068453000014415}
{"step": 200, "loss": 4.689234733581543, "seconds": 13.385167100001127}
{"step": 300, "loss": 4.442207336425781, "seconds": 20.55756190000102}
{"step": 400, "loss": 4.2414984703063965, "seconds": 28.537010900006862}
{"step": 500, "loss": 4.0096235275268555, "seconds": 49.73228860000381}
{"step": 600, "loss": 3.9209365844726562, "seconds": 62.394201100003556}
{"step": 700, "loss": 3.9544708728790283, "seconds": 72.76202259999991}
{"step": 800, "loss": 3.8340184688568115, "seconds": 83.10471400000097}
{"step": 900, "loss": 3.70117449760437, "seconds": 93.4881630000018}
{"step": 1000, "loss": 3.6399593353271484, "seconds": 103.92543270000897}
{"step": 1100, "loss": 3.7188501358032227, "seconds": 114.66250930000388}
{"step": 1200, "loss": 3.6756958961486816, "seconds": 125.69882740000321}
{"step": 1300, "loss": 3.645474672317505, "seconds": 136.70604520000052}
{"step": 1400, "loss": 3.4416756629943848, "seconds": 147.6832035999978}
{"step": 1500, "loss": 3.4793169498443604, "seconds": 158.7205954000092}
{"step": 1600, "loss": 3.5646984577178955, "seconds": 169.77263629999652}
{"step": 1700, "loss": 3.534087657928467, "seconds": 180.78577580000274}
{"step": 1800, "loss": 3.449265718460083, "seconds": 191.8436023999966}
{"step": 1900, "loss": 3.4307374954223633, "seconds": 202.9096589999972}
{"step": 2000, "loss": 3.363318681716919, "seconds": 214.01285280000593}
{"validation": {"step": 2000, "bpb": 1.6919609017579187, "token_ppl": 35.69612280809595, "nll_nats": 1346357.2715599968, "targets": 376599, "utf8_bytes": 1148007, "seconds": 1.964067900000373}}
{"snapshot": "runs\\rope_dropout10_coverage_wsd12000_s17_round9\\checkpoint_step_2000.pt", "sha256": "fc4547fd75a6a6ae625efb2e07fdfb445079d1628b75e5edb1b0afdf6a2ee8cc"}
{"step": 2100, "loss": 3.4699349403381348, "seconds": 224.97488500000327}
{"step": 2200, "loss": 3.4044415950775146, "seconds": 235.8705145999993}
{"step": 2300, "loss": 3.32442569732666, "seconds": 247.5478839999996}
{"step": 2400, "loss": 3.4604649543762207, "seconds": 259.6544928000076}
{"step": 2500, "loss": 3.3218815326690674, "seconds": 271.7233028000046}
{"step": 2600, "loss": 3.3249425888061523, "seconds": 283.77607069999794}
{"step": 2700, "loss": 3.2521331310272217, "seconds": 295.8103886000026}
{"step": 2800, "loss": 3.2848689556121826, "seconds": 307.8480164000066}
{"step": 2900, "loss": 3.23213529586792, "seconds": 319.8837033000018}
{"step": 3000, "loss": 3.234894275665283, "seconds": 331.9063496000017}
{"step": 3100, "loss": 3.285095691680908, "seconds": 343.9825886000035}
{"step": 3200, "loss": 3.224482536315918, "seconds": 356.09919950000767}
{"step": 3300, "loss": 3.3023345470428467, "seconds": 368.1714643000014}
{"step": 3400, "loss": 3.2145583629608154, "seconds": 380.18627689999994}
{"step": 3500, "loss": 3.2362964153289795, "seconds": 392.19018170000345}
{"step": 3600, "loss": 3.1911158561706543, "seconds": 404.1996521999972}
{"step": 3700, "loss": 3.2481963634490967, "seconds": 416.19483970000874}
{"step": 3800, "loss": 3.1873412132263184, "seconds": 428.2212103000056}
{"step": 3900, "loss": 3.2426178455352783, "seconds": 440.25361130000965}
{"step": 4000, "loss": 3.2382607460021973, "seconds": 452.3061667000002}
{"validation": {"step": 4000, "bpb": 1.6034750832627174, "token_ppl": 29.608908320005973, "nll_nats": 1275945.7596644356, "targets": 376599, "utf8_bytes": 1148007, "seconds": 2.004241600006935}}
{"snapshot": "runs\\rope_dropout10_coverage_wsd12000_s17_round9\\checkpoint_step_4000.pt", "sha256": "5396e03e9dcdf0048e581fa390154ce69ace457c406aa09d7cd44d95e419acee"}
{"step": 4100, "loss": 3.071448564529419, "seconds": 464.39536399999633}
{"step": 4200, "loss": 3.1817336082458496, "seconds": 476.3891328999889}
{"step": 4300, "loss": 3.2138357162475586, "seconds": 488.3617169999925}
{"step": 4400, "loss": 3.0960288047790527, "seconds": 500.33382619998883}
{"step": 4500, "loss": 3.1293368339538574, "seconds": 512.3924294999888}
{"step": 4600, "loss": 3.0852625370025635, "seconds": 524.4344759999949}
{"step": 4700, "loss": 3.033843994140625, "seconds": 536.4770846999891}
{"step": 4800, "loss": 3.1781835556030273, "seconds": 548.530591799994}
{"step": 4900, "loss": 3.070197105407715, "seconds": 560.502633600001}
{"step": 5000, "loss": 3.1257145404815674, "seconds": 572.5357454999903}
{"step": 5100, "loss": 3.03802752494812, "seconds": 584.5312409999897}
{"step": 5200, "loss": 3.1414384841918945, "seconds": 596.1490007999964}
{"step": 5300, "loss": 2.993880271911621, "seconds": 607.1303238999972}
{"step": 5400, "loss": 3.0582435131073, "seconds": 618.6327346999897}
{"step": 5500, "loss": 3.0286293029785156, "seconds": 630.1051366999891}
{"step": 5600, "loss": 3.1047699451446533, "seconds": 641.5443618999998}
{"step": 5700, "loss": 3.1431784629821777, "seconds": 652.996472400002}
{"step": 5800, "loss": 3.0432498455047607, "seconds": 664.3998329999886}
{"step": 5900, "loss": 3.0657219886779785, "seconds": 675.8013665999897}
{"step": 6000, "loss": 3.20133113861084, "seconds": 687.2148862999893}
{"validation": {"step": 6000, "bpb": 1.576128899734964, "token_ppl": 27.946555092870394, "nll_nats": 1254185.3673269106, "targets": 376599, "utf8_bytes": 1148007, "seconds": 1.8953164999984438}}
{"snapshot": "runs\\rope_dropout10_coverage_wsd12000_s17_round9\\checkpoint_step_6000.pt", "sha256": "95301f2b019223a87f01dc381d53ac2483a6905a9beb20a443a3f870d56d257a"}
{"step": 6100, "loss": 3.0909295082092285, "seconds": 698.540296799998}
{"step": 6200, "loss": 2.9386608600616455, "seconds": 709.8340556000039}
{"step": 6300, "loss": 3.0233778953552246, "seconds": 721.7615530999901}
{"step": 6400, "loss": 3.0088090896606445, "seconds": 734.3019047999987}
{"step": 6500, "loss": 3.0976436138153076, "seconds": 745.7511090999906}
{"step": 6600, "loss": 3.1214215755462646, "seconds": 767.4013613999996}
{"step": 6700, "loss": 3.0359015464782715, "seconds": 797.1509254999983}
{"step": 6800, "loss": 2.9346914291381836, "seconds": 813.0529043999995}
{"step": 6900, "loss": 3.033193349838257, "seconds": 825.6190451000002}
{"step": 7000, "loss": 3.0672848224639893, "seconds": 838.2823934999906}
{"step": 7100, "loss": 2.960157871246338, "seconds": 850.466935199991}
{"step": 7200, "loss": 3.0418670177459717, "seconds": 862.9388903999934}
{"step": 7300, "loss": 3.0367705821990967, "seconds": 873.9938772000023}
{"step": 7400, "loss": 3.0113298892974854, "seconds": 886.846690099992}
{"step": 7500, "loss": 2.9455249309539795, "seconds": 898.4260615999956}
{"step": 7600, "loss": 3.067131996154785, "seconds": 909.6686754999973}
{"step": 7700, "loss": 3.088674545288086, "seconds": 921.1019405999978}
{"step": 7800, "loss": 3.0903279781341553, "seconds": 932.941456200002}
{"step": 7900, "loss": 3.0125951766967773, "seconds": 944.73484189999}
{"step": 8000, "loss": 3.1297922134399414, "seconds": 956.6450004999933}
{"validation": {"step": 8000, "bpb": 1.5662492720723007, "token_ppl": 27.369211196601285, "nll_nats": 1246323.773994516, "targets": 376599, "utf8_bytes": 1148007, "seconds": 1.9617736999935005}}
{"snapshot": "runs\\rope_dropout10_coverage_wsd12000_s17_round9\\checkpoint_step_8000.pt", "sha256": "f2d3ea0abfe91078b6c50f83ee59ad57080eaac02ef254c9ff2ef80166fd9304"}
{"step": 8100, "loss": 2.9057352542877197, "seconds": 968.5038267000054}
{"step": 8200, "loss": 2.977726697921753, "seconds": 980.2968115999975}
{"step": 8300, "loss": 3.0493319034576416, "seconds": 992.169453399998}
{"step": 8400, "loss": 3.0023996829986572, "seconds": 1004.013357600008}
{"step": 8500, "loss": 2.9152066707611084, "seconds": 1016.1535734000063}
{"step": 8600, "loss": 3.1145131587982178, "seconds": 1028.2349129000067}
{"step": 8700, "loss": 3.0284602642059326, "seconds": 1040.2519138000062}
{"step": 8800, "loss": 2.96240496635437, "seconds": 1052.2471030000015}
{"step": 8900, "loss": 2.9848902225494385, "seconds": 1064.2654922000074}
{"step": 9000, "loss": 2.8673503398895264, "seconds": 1076.2780572000047}
{"step": 9100, "loss": 2.930502414703369, "seconds": 1088.3124771000003}
{"step": 9200, "loss": 3.0144600868225098, "seconds": 1100.3528058000084}
{"step": 9300, "loss": 2.931204080581665, "seconds": 1112.3834362000052}
{"step": 9400, "loss": 2.937288284301758, "seconds": 1124.3758323000075}
{"step": 9500, "loss": 2.931711196899414, "seconds": 1136.3821068999969}
{"step": 9600, "loss": 2.8843228816986084, "seconds": 1148.3912003000005}
{"step": 9700, "loss": 3.017796039581299, "seconds": 1160.4197543000046}
{"step": 9800, "loss": 2.9229066371917725, "seconds": 1172.4441691000102}
{"step": 9900, "loss": 2.970498561859131, "seconds": 1184.4811205000005}
{"step": 10000, "loss": 2.9152767658233643, "seconds": 1196.5634987000085}
{"validation": {"step": 10000, "bpb": 1.5439232792230009, "token_ppl": 26.10807936578121, "nll_nats": 1228558.137219919, "targets": 376599, "utf8_bytes": 1148007, "seconds": 1.9795221999956993}}
{"snapshot": "runs\\rope_dropout10_coverage_wsd12000_s17_round9\\checkpoint_step_10000.pt", "sha256": "1a342d2cdddd0286d72f4a902f9bafca6d2ac9c496e6f598b4d63c3a2119f377"}
{"step": 10100, "loss": 2.995699644088745, "seconds": 1208.6666130000085}
{"step": 10200, "loss": 2.9555840492248535, "seconds": 1220.7776730000041}
{"step": 10300, "loss": 2.8838205337524414, "seconds": 1232.8895034000016}
{"step": 10400, "loss": 2.9177989959716797, "seconds": 1249.9614196000039}
{"step": 10500, "loss": 2.722369909286499, "seconds": 1261.9802841000055}
{"step": 10600, "loss": 2.841306209564209, "seconds": 1273.9919040000095}
{"step": 10700, "loss": 2.871622085571289, "seconds": 1286.033439100007}
{"step": 10800, "loss": 2.826267957687378, "seconds": 1298.067931100013}
{"step": 10900, "loss": 2.8697004318237305, "seconds": 1310.0756366000132}
{"step": 11000, "loss": 2.834242343902588, "seconds": 1322.1216487000056}
{"step": 11100, "loss": 2.70127272605896, "seconds": 1334.174813500009}
{"step": 11200, "loss": 2.7258682250976562, "seconds": 1346.207084900001}
{"step": 11300, "loss": 2.8538405895233154, "seconds": 1358.199726100007}
{"step": 11400, "loss": 2.7610716819763184, "seconds": 1370.174660500008}
{"step": 11500, "loss": 2.670583486557007, "seconds": 1382.1712577000144}
{"step": 11600, "loss": 2.674607276916504, "seconds": 1394.1890374000068}
{"step": 11700, "loss": 2.8049299716949463, "seconds": 1406.2104133000103}
{"step": 11800, "loss": 2.819695472717285, "seconds": 1418.2220323000074}
{"step": 11900, "loss": 2.7259809970855713, "seconds": 1430.2548461000115}
{"step": 12000, "loss": 2.6935529708862305, "seconds": 1442.2804392000107}
{"validation": {"step": 12000, "bpb": 1.5194601791604592, "token_ppl": 24.792850398674457, "nll_nats": 1209091.9234203666, "targets": 376599, "utf8_bytes": 1148007, "seconds": 2.0138624999963213}}
{
  "protocol": "7506-mp1-wt2-v2",
  "implementation": "student_rope",
  "config": {
    "vocab": 2048,
    "width": 256,
    "heads": 4,
    "depth": 4,
    "context": 256,
    "dropout_p": 0.1
  },
  "seed": 17,
  "sampler": "coverage",
  "schedule": "wsd",
  "stable_fraction": 0.75,
  "parameters": 3683840,
  "precision": "fp32",
  "train_tokens": 98304000,
  "own_train_tokens": 98304000,
  "teacher_checkpoint_sha256": null,
  "distill_weight": null,
  "preparation_seconds": 10.298061900000903,
  "train_seconds": 1442.2836410000164,
  "validation": {
    "bpb": 1.5194601791604592,
    "token_ppl": 24.792850398674457,
    "nll_nats": 1209091.9234203666,
    "targets": 376599,
    "utf8_bytes": 1148007,
    "seconds": 2.009142499999143
  },
  "history": [],
  "validation_history": [
    {
      "step": 2000,
      "bpb": 1.6919609017579187,
      "token_ppl": 35.69612280809595,
      "nll_nats": 1346357.2715599968,
      "targets": 376599,
      "utf8_bytes": 1148007,
      "seconds": 1.964067900000373
    },
    {
      "step": 4000,
      "bpb": 1.6034750832627174,
      "token_ppl": 29.608908320005973,
      "nll_nats": 1275945.7596644356,
      "targets": 376599,
      "utf8_bytes": 1148007,
      "seconds": 2.004241600006935
    },
    {
      "step": 6000,
      "bpb": 1.576128899734964,
      "token_ppl": 27.946555092870394,
      "nll_nats": 1254185.3673269106,
      "targets": 376599,
      "utf8_bytes": 1148007,
      "seconds": 1.8953164999984438
    },
    {
      "step": 8000,
      "bpb": 1.5662492720723007,
      "token_ppl": 27.369211196601285,
      "nll_nats": 1246323.773994516,
      "targets": 376599,
      "utf8_bytes": 1148007,
      "seconds": 1.9617736999935005
    },
    {
      "step": 10000,
      "bpb": 1.5439232792230009,
      "token_ppl": 26.10807936578121,
      "nll_nats": 1228558.137219919,
      "targets": 376599,
      "utf8_bytes": 1148007,
      "seconds": 1.9795221999956993
    },
    {
      "step": 12000,
      "bpb": 1.5194601791604592,
      "token_ppl": 24.792850398674457,
      "nll_nats": 1209091.9234203666,
      "targets": 376599,
      "utf8_bytes": 1148007,
      "seconds": 2.0138624999963213
    }
  ],
  "intermediate_validation_seconds": 11.818784399991273,
  "process_seconds": 1466.5524477,
  "torch_version": "2.7.1+cu126",
  "threads": 4,
  "checkpoint_sha256": "f7152c126fd652613bc13fce589734b17fea23dc6182124914177df7cda2766c",
  "implementation_sha256": "d351fd618c6f8f06b82636321512f406a20f20407ac199508e082e1a1be106b0",
  "device": "cuda:0",
  "device_name": "NVIDIA GeForce RTX 3060 Laptop GPU",
  "peak_allocated_gb": 0.998281216,
  "peak_reserved_gb": 1.134559232
}
