{"step": 100, "loss": 5.497049808502197, "seconds": 6.503233099996578}
{"step": 200, "loss": 4.747101783752441, "seconds": 12.981236999999965}
{"step": 300, "loss": 4.487472057342529, "seconds": 19.53678249999939}
{"step": 400, "loss": 4.296011924743652, "seconds": 26.439848499998334}
{"step": 500, "loss": 4.076126575469971, "seconds": 33.70555989998684}
{"step": 600, "loss": 3.977663993835449, "seconds": 41.64473869999347}
{"step": 700, "loss": 4.0142388343811035, "seconds": 50.17266810000001}
{"step": 800, "loss": 3.8989901542663574, "seconds": 59.58444099999906}
{"step": 900, "loss": 3.7829761505126953, "seconds": 69.01294479999342}
{"step": 1000, "loss": 3.71254563331604, "seconds": 78.45996489998652}
{"step": 1100, "loss": 3.796809673309326, "seconds": 88.64723539999977}
{"step": 1200, "loss": 3.7596054077148438, "seconds": 98.57464359998994}
{"step": 1300, "loss": 3.716322183609009, "seconds": 108.41044589999365}
{"step": 1400, "loss": 3.5315868854522705, "seconds": 119.03606969999964}
{"step": 1500, "loss": 3.570747137069702, "seconds": 129.96003979998932}
{"step": 1600, "loss": 3.643195867538452, "seconds": 140.8589234999963}
{"step": 1700, "loss": 3.5998337268829346, "seconds": 151.84780959998898}
{"step": 1800, "loss": 3.561432361602783, "seconds": 162.8126038999908}
{"step": 1900, "loss": 3.506652355194092, "seconds": 173.7759694999986}
{"step": 2000, "loss": 3.460789680480957, "seconds": 184.7769116999989}
{"validation": {"step": 2000, "bpb": 1.7130746396932963, "token_ppl": 37.32467053631076, "nll_nats": 1363158.2712577872, "targets": 376599, "utf8_bytes": 1148007, "seconds": 1.8207028999895556}}
{"snapshot": "runs\\rope_dropout15_coverage_wsd12000_s17_round9\\checkpoint_step_2000.pt", "sha256": "ee7b2a0d3d296af4c50b664d1d90b3c4f59be4fc76d89788a33684dacd5ef920"}
{"step": 2100, "loss": 3.5658981800079346, "seconds": 196.25404590000107}
{"step": 2200, "loss": 3.49770450592041, "seconds": 207.7293428999983}
{"step": 2300, "loss": 3.42189359664917, "seconds": 219.20193609999842}
{"step": 2400, "loss": 3.5723178386688232, "seconds": 230.65004439999757}
{"step": 2500, "loss": 3.4133665561676025, "seconds": 242.18428319999657}
{"step": 2600, "loss": 3.4441041946411133, "seconds": 253.71879070000432}
{"step": 2700, "loss": 3.364684581756592, "seconds": 265.26547830000345}
{"step": 2800, "loss": 3.3835582733154297, "seconds": 276.8174244999973}
{"step": 2900, "loss": 3.3243017196655273, "seconds": 288.34705199999735}
{"step": 3000, "loss": 3.350937843322754, "seconds": 299.9251474000048}
{"step": 3100, "loss": 3.3970987796783447, "seconds": 311.46097790000204}
{"step": 3200, "loss": 3.334812641143799, "seconds": 322.991889900004}
{"step": 3300, "loss": 3.4183552265167236, "seconds": 334.52904220001074}
{"step": 3400, "loss": 3.321881055831909, "seconds": 346.0487196000031}
{"step": 3500, "loss": 3.3460328578948975, "seconds": 357.5466529999976}
{"step": 3600, "loss": 3.319929599761963, "seconds": 369.0853294999979}
{"step": 3700, "loss": 3.3498401641845703, "seconds": 380.6321312000073}
{"step": 3800, "loss": 3.3024988174438477, "seconds": 392.24403640000673}
{"step": 3900, "loss": 3.381889581680298, "seconds": 403.79134239999985}
{"step": 4000, "loss": 3.375141143798828, "seconds": 415.3459434999968}
{"validation": {"step": 4000, "bpb": 1.6360947681302753, "token_ppl": 31.721646165347654, "nll_nats": 1301902.4764371472, "targets": 376599, "utf8_bytes": 1148007, "seconds": 1.9009960999974282}}
{"snapshot": "runs\\rope_dropout15_coverage_wsd12000_s17_round9\\checkpoint_step_4000.pt", "sha256": "1981e2f27d1eaaf31d95f79a9a2770b07717d6922bdad4949d00aaab22a54f68"}
{"step": 4100, "loss": 3.189056873321533, "seconds": 427.0146986000036}
{"step": 4200, "loss": 3.306022882461548, "seconds": 438.5914782000036}
{"step": 4300, "loss": 3.32651686668396, "seconds": 450.1450080000068}
{"step": 4400, "loss": 3.2039971351623535, "seconds": 461.69240210000135}
{"step": 4500, "loss": 3.248913526535034, "seconds": 473.2620198000077}
{"step": 4600, "loss": 3.2032105922698975, "seconds": 484.847411499999}
{"step": 4700, "loss": 3.1359903812408447, "seconds": 496.988036499999}
{"step": 4800, "loss": 3.2958011627197266, "seconds": 509.4515145000041}
{"step": 4900, "loss": 3.1925384998321533, "seconds": 521.9322384000116}
{"step": 5000, "loss": 3.2401764392852783, "seconds": 534.3697895000078}
{"step": 5100, "loss": 3.153144598007202, "seconds": 546.8078030000033}
{"step": 5200, "loss": 3.244232177734375, "seconds": 559.2239992000104}
{"step": 5300, "loss": 3.123291492462158, "seconds": 571.6560479000036}
{"step": 5400, "loss": 3.1703550815582275, "seconds": 582.7049035000091}
{"step": 5500, "loss": 3.135542631149292, "seconds": 594.0880907000101}
{"step": 5600, "loss": 3.2183308601379395, "seconds": 604.7878662000003}
{"step": 5700, "loss": 3.2190394401550293, "seconds": 614.212387800013}
{"step": 5800, "loss": 3.159078598022461, "seconds": 622.4025670000119}
{"step": 5900, "loss": 3.183262348175049, "seconds": 629.5520347000129}
{"step": 6000, "loss": 3.316777467727661, "seconds": 636.658379600005}
{"validation": {"step": 6000, "bpb": 1.596767944021342, "token_ppl": 29.19225312867757, "nll_nats": 1270608.635337503, "targets": 376599, "utf8_bytes": 1148007, "seconds": 1.1328112999908626}}
{"snapshot": "runs\\rope_dropout15_coverage_wsd12000_s17_round9\\checkpoint_step_6000.pt", "sha256": "5fd6bf146127fe65f5818ef18801bc80ae63d6cd9a6ea99030c123665381d1aa"}
{"step": 6100, "loss": 3.209498882293701, "seconds": 643.5726679000218}
{"step": 6200, "loss": 3.0512778759002686, "seconds": 650.3998010000214}
{"step": 6300, "loss": 3.135749578475952, "seconds": 657.2110533000086}
{"step": 6400, "loss": 3.121422529220581, "seconds": 663.9984738000203}
{"step": 6500, "loss": 3.200967311859131, "seconds": 670.7043994000123}
{"step": 6600, "loss": 3.223055839538574, "seconds": 677.4078510000109}
{"step": 6700, "loss": 3.1580810546875, "seconds": 684.1086081000103}
{"step": 6800, "loss": 3.042614221572876, "seconds": 690.8061310000194}
{"step": 6900, "loss": 3.1412224769592285, "seconds": 697.488886600011}
{"step": 7000, "loss": 3.174792528152466, "seconds": 704.1860213000182}
{"step": 7100, "loss": 3.0766565799713135, "seconds": 710.8779810000124}
{"step": 7200, "loss": 3.142348051071167, "seconds": 717.5705796000111}
{"step": 7300, "loss": 3.1426782608032227, "seconds": 724.1796336000116}
{"step": 7400, "loss": 3.112114191055298, "seconds": 730.7244898000208}
{"step": 7500, "loss": 3.045111894607544, "seconds": 737.3175858000177}
{"step": 7600, "loss": 3.1754443645477295, "seconds": 743.9233074000222}
{"step": 7700, "loss": 3.2145419120788574, "seconds": 750.5215505000087}
{"step": 7800, "loss": 3.2192859649658203, "seconds": 757.1263461000199}
{"step": 7900, "loss": 3.121614933013916, "seconds": 763.7236948000209}
{"step": 8000, "loss": 3.2432119846343994, "seconds": 770.3310941000091}
{"validation": {"step": 8000, "bpb": 1.5778763220465184, "token_ppl": 28.049930919794193, "nll_nats": 1255575.857339536, "targets": 376599, "utf8_bytes": 1148007, "seconds": 1.1108442999975523}}
{"snapshot": "runs\\rope_dropout15_coverage_wsd12000_s17_round9\\checkpoint_step_8000.pt", "sha256": "18fa9b5081741d252df7adfb4a3875b773627a294a54b49ddb61a1d1eba82740"}
{"step": 8100, "loss": 3.0308878421783447, "seconds": 776.890722400014}
{"step": 8200, "loss": 3.091918468475342, "seconds": 783.410792700015}
{"step": 8300, "loss": 3.1625990867614746, "seconds": 789.9298436000245}
{"step": 8400, "loss": 3.104970693588257, "seconds": 796.4399495000107}
{"step": 8500, "loss": 3.025686025619507, "seconds": 802.9618394000136}
{"step": 8600, "loss": 3.2012765407562256, "seconds": 809.482946100019}
{"step": 8700, "loss": 3.1363842487335205, "seconds": 816.0234119000233}
{"step": 8800, "loss": 3.0498948097229004, "seconds": 822.5435303000122}
{"step": 8900, "loss": 3.1011319160461426, "seconds": 829.0563400000246}
{"step": 9000, "loss": 2.9789845943450928, "seconds": 835.5782425000216}
{"step": 9100, "loss": 3.048354387283325, "seconds": 842.0900408000161}
{"step": 9200, "loss": 3.1152615547180176, "seconds": 848.603036000015}
{"step": 9300, "loss": 3.043853521347046, "seconds": 855.114230000021}
{"step": 9400, "loss": 3.0465970039367676, "seconds": 861.6342927000223}
{"step": 9500, "loss": 3.063748359680176, "seconds": 868.1554564000107}
{"step": 9600, "loss": 2.983798027038574, "seconds": 874.6718146000203}
{"step": 9700, "loss": 3.1180050373077393, "seconds": 881.1919560000242}
{"step": 9800, "loss": 3.044455051422119, "seconds": 887.7140506000142}
{"step": 9900, "loss": 3.0838401317596436, "seconds": 894.2250205000164}
{"step": 10000, "loss": 3.0247642993927, "seconds": 900.7414405000163}
{"validation": {"step": 10000, "bpb": 1.5537047164121438, "token_ppl": 26.65328973520649, "nll_nats": 1236341.5966794295, "targets": 376599, "utf8_bytes": 1148007, "seconds": 1.0837272999924608}}
{"snapshot": "runs\\rope_dropout15_coverage_wsd12000_s17_round9\\checkpoint_step_10000.pt", "sha256": "ffdcbada2e57cca24fd5048c42aced8b38caced2d4866c675724f0d568745959"}
{"step": 10100, "loss": 3.0965325832366943, "seconds": 907.2801347000204}
{"step": 10200, "loss": 3.066988945007324, "seconds": 913.7932192000299}
{"step": 10300, "loss": 2.987643003463745, "seconds": 920.3027761000267}
{"step": 10400, "loss": 3.0222575664520264, "seconds": 926.8113439000299}
{"step": 10500, "loss": 2.841987133026123, "seconds": 933.3205147000263}
{"step": 10600, "loss": 2.9711599349975586, "seconds": 939.8375747000246}
{"step": 10700, "loss": 2.99576997756958, "seconds": 946.360926000023}
{"step": 10800, "loss": 2.9640142917633057, "seconds": 952.8679356000212}
{"step": 10900, "loss": 2.9738056659698486, "seconds": 959.3904580000235}
{"step": 11000, "loss": 2.959254264831543, "seconds": 965.9018937000219}
{"step": 11100, "loss": 2.853611707687378, "seconds": 972.4078305000294}
{"step": 11200, "loss": 2.84796404838562, "seconds": 978.9211349000252}
{"step": 11300, "loss": 2.9678218364715576, "seconds": 985.4286140000186}
{"step": 11400, "loss": 2.873321771621704, "seconds": 991.9373683000304}
{"step": 11500, "loss": 2.796945095062256, "seconds": 998.4468103000254}
{"step": 11600, "loss": 2.821361541748047, "seconds": 1004.9498160000221}
{"step": 11700, "loss": 2.9402050971984863, "seconds": 1011.4606693000242}
{"step": 11800, "loss": 2.9437084197998047, "seconds": 1017.971553800031}
{"step": 11900, "loss": 2.855250358581543, "seconds": 1024.47355840003}
{"step": 12000, "loss": 2.8259496688842773, "seconds": 1030.9895731000288}
{"validation": {"step": 12000, "bpb": 1.5224917839082657, "token_ppl": 24.95217453963851, "nll_nats": 1211504.285959279, "targets": 376599, "utf8_bytes": 1148007, "seconds": 1.0960845999943558}}
{
  "protocol": "7506-mp1-wt2-v2",
  "implementation": "student_rope",
  "config": {
    "vocab": 2048,
    "width": 256,
    "heads": 4,
    "depth": 4,
    "context": 256,
    "dropout_p": 0.15
  },
  "seed": 17,
  "sampler": "coverage",
  "schedule": "wsd",
  "stable_fraction": 0.75,
  "learning_rate": 0.001,
  "lr_floor": 0.1,
  "warmup_steps": 100,
  "parameters": 3683840,
  "precision": "fp32",
  "train_tokens": 98304000,
  "own_train_tokens": 98304000,
  "teacher_checkpoint_sha256": null,
  "distill_weight": null,
  "initial_checkpoint_sha256": null,
  "preparation_seconds": 9.995175400006701,
  "train_seconds": 1030.993033700026,
  "validation": {
    "bpb": 1.5224917839082657,
    "token_ppl": 24.95217453963851,
    "nll_nats": 1211504.285959279,
    "targets": 376599,
    "utf8_bytes": 1148007,
    "seconds": 1.0860600000014529
  },
  "history": [],
  "validation_history": [
    {
      "step": 2000,
      "bpb": 1.7130746396932963,
      "token_ppl": 37.32467053631076,
      "nll_nats": 1363158.2712577872,
      "targets": 376599,
      "utf8_bytes": 1148007,
      "seconds": 1.8207028999895556
    },
    {
      "step": 4000,
      "bpb": 1.6360947681302753,
      "token_ppl": 31.721646165347654,
      "nll_nats": 1301902.4764371472,
      "targets": 376599,
      "utf8_bytes": 1148007,
      "seconds": 1.9009960999974282
    },
    {
      "step": 6000,
      "bpb": 1.596767944021342,
      "token_ppl": 29.19225312867757,
      "nll_nats": 1270608.635337503,
      "targets": 376599,
      "utf8_bytes": 1148007,
      "seconds": 1.1328112999908626
    },
    {
      "step": 8000,
      "bpb": 1.5778763220465184,
      "token_ppl": 28.049930919794193,
      "nll_nats": 1255575.857339536,
      "targets": 376599,
      "utf8_bytes": 1148007,
      "seconds": 1.1108442999975523
    },
    {
      "step": 10000,
      "bpb": 1.5537047164121438,
      "token_ppl": 26.65328973520649,
      "nll_nats": 1236341.5966794295,
      "targets": 376599,
      "utf8_bytes": 1148007,
      "seconds": 1.0837272999924608
    },
    {
      "step": 12000,
      "bpb": 1.5224917839082657,
      "token_ppl": 24.95217453963851,
      "nll_nats": 1211504.285959279,
      "targets": 376599,
      "utf8_bytes": 1148007,
      "seconds": 1.0960845999943558
    }
  ],
  "intermediate_validation_seconds": 8.145166499962215,
  "process_seconds": 1050.3791222,
  "torch_version": "2.7.1+cu126",
  "threads": 4,
  "checkpoint_sha256": "1ec1bf295fe55fcf03fbecee65acb81dea6da21e86860d3d88af4feae8a25324",
  "implementation_sha256": "d351fd618c6f8f06b82636321512f406a20f20407ac199508e082e1a1be106b0",
  "device": "cuda:0",
  "device_name": "NVIDIA GeForce RTX 3060 Laptop GPU",
  "peak_allocated_gb": 0.998281216,
  "peak_reserved_gb": 1.134559232
}
